{
  "scenario": "pharma_batch_release",
  "industry": "制药批生产",
  "description": "Thirty-six medicine demands combine batch-size rules, three-stage routings, sanitation and product setups, finite actives and qualified QA release",
  "coverage": [
    "批生产",
    "最小/倍增/最大批量",
    "三段工艺",
    "清场换型",
    "有限 API",
    "QA 资质",
    "备用成型线"
  ],
  "solver": {
    "plantype": 1,
    "lazyDelay": 172800,
    "constraints": 15,
    "minimumDelay": 14400,
    "administrativeLeadTime": 86400
  },
  "input": {
    "demands": 36,
    "items": 8,
    "buffers": 8,
    "operations": 15,
    "resources": 7,
    "loads": 12,
    "flows": 15,
    "skills": 1,
    "setupMatrices": 2
  },
  "identical": false,
  "nativeOperationPlans": 185,
  "typescriptOperationPlans": 185,
  "nativeDeliveries": 36,
  "typescriptDeliveries": 36,
  "differenceCount": 100,
  "firstDifferences": [
    {
      "path": "$.operationPlans[5].setupEnd",
      "native": "2026-01-25T04:00:00",
      "typescript": "2026-01-27T02:00:00"
    },
    {
      "path": "$.operationPlans[5].start",
      "native": "2026-01-25T04:00:00",
      "typescript": "2026-01-27T02:00:00"
    },
    {
      "path": "$.operationPlans[6].setupEnd",
      "native": "2026-01-26T00:00:00",
      "typescript": "2026-01-28T05:00:00"
    },
    {
      "path": "$.operationPlans[6].start",
      "native": "2026-01-26T00:00:00",
      "typescript": "2026-01-28T05:00:00"
    },
    {
      "path": "$.operationPlans[7].setupEnd",
      "native": "2026-01-28T09:00:00",
      "typescript": "2026-01-28T08:00:00"
    },
    {
      "path": "$.operationPlans[7].start",
      "native": "2026-01-28T09:00:00",
      "typescript": "2026-01-28T08:00:00"
    },
    {
      "path": "$.operationPlans[8].setupEnd",
      "native": "2026-01-29T02:00:00",
      "typescript": "2026-01-28T23:00:00"
    },
    {
      "path": "$.operationPlans[8].start",
      "native": "2026-01-29T02:00:00",
      "typescript": "2026-01-28T23:00:00"
    },
    {
      "path": "$.operationPlans[9].setupEnd",
      "native": "2026-02-01T01:00:00",
      "typescript": "2026-02-01T03:00:00"
    },
    {
      "path": "$.operationPlans[9].start",
      "native": "2026-02-01T01:00:00",
      "typescript": "2026-02-01T03:00:00"
    },
    {
      "path": "$.operationPlans[10].setupEnd",
      "native": "2026-02-02T16:00:00",
      "typescript": "2026-02-02T09:00:00"
    },
    {
      "path": "$.operationPlans[10].start",
      "native": "2026-02-02T16:00:00",
      "typescript": "2026-02-02T09:00:00"
    },
    {
      "path": "$.operationPlans[12].setupEnd",
      "native": "2026-02-07T04:00:00",
      "typescript": "2026-02-06T21:00:00"
    },
    {
      "path": "$.operationPlans[12].start",
      "native": "2026-02-07T04:00:00",
      "typescript": "2026-02-06T21:00:00"
    },
    {
      "path": "$.operationPlans[14].setupEnd",
      "native": "2026-02-11T16:00:00",
      "typescript": "2026-02-11T09:00:00"
    },
    {
      "path": "$.operationPlans[14].start",
      "native": "2026-02-11T16:00:00",
      "typescript": "2026-02-11T09:00:00"
    },
    {
      "path": "$.operationPlans[20].setupEnd",
      "native": "2026-02-02T07:00:00",
      "typescript": "2026-02-02T14:00:00"
    },
    {
      "path": "$.operationPlans[20].start",
      "native": "2026-02-02T07:00:00",
      "typescript": "2026-02-02T14:00:00"
    },
    {
      "path": "$.operationPlans[21].feasible",
      "native": true,
      "typescript": false
    },
    {
      "path": "$.operationPlans[23].setupEnd",
      "native": "2026-02-06T19:00:00",
      "typescript": "2026-02-07T02:00:00"
    }
  ],
  "databaseSchema": "codex_schedule_diff"
}
