[demand] attempt {"demand":"shift order before shutdown","attempt":1,"quantity":1,"requestDate":"2026-01-13T16:00:00","lastDate":"2030-12-31T00:00:00"}
[operation] ask {"demand":"shift order before shutdown","operation":"ship shift product","quantity":1,"operationQuantity":1,"end":"2026-01-13T16:00:00","operationEnd":"2026-01-13T16:00:00"}
[buffer] ask {"demand":null,"buffer":"shift product @ shift plant","requested":1,"date":"2026-01-13T12:00:00","onhand":0}
[buffer] shortage {"buffer":"shift product @ shift plant","iteration":0,"date":"2026-01-13T12:00:00","onhand":-1,"shortage":1}
[operation] ask {"demand":null,"operation":"make shift product","quantity":1,"operationQuantity":1,"end":"2026-01-13T12:00:00","operationEnd":"2026-01-13T12:00:00"}
[buffer] replenish {"buffer":"shift product @ shift plant","iteration":0,"requested":1,"replenished":0,"producerDate":"2030-12-31T00:00:00","eventCountBefore":1,"eventCountAfter":1,"remaining":1}
[buffer] answer {"demand":null,"buffer":"shift product @ shift plant","requested":1,"remainingShortage":1,"quantity":0,"date":"2030-12-31T00:00:00","plan":null}
[operation] material-reject {"demand":"shift order before shutdown","operation":"ship shift product","start":"2026-01-13T12:00:00","end":"2026-01-13T13:00:00","asked":1,"answerQuantity":0,"answerDate":"2030-12-31T00:00:00"}
[demand] reply {"demand":"shift order before shutdown","attempt":1,"result":false,"quantity":0,"date":"2030-12-31T00:00:00"}
[demand] attempt {"demand":"shift order across shutdown","attempt":1,"quantity":1,"requestDate":"2026-01-18T10:00:00","lastDate":"2030-12-31T00:00:00"}
[operation] ask {"demand":"shift order across shutdown","operation":"ship shift product","quantity":1,"operationQuantity":1,"end":"2026-01-18T10:00:00","operationEnd":"2026-01-18T10:00:00"}
[buffer] ask {"demand":null,"buffer":"shift product @ shift plant","requested":1,"date":"2026-01-18T09:00:00","onhand":0}
[buffer] shortage {"buffer":"shift product @ shift plant","iteration":0,"date":"2026-01-18T09:00:00","onhand":-1,"shortage":1}
[operation] ask {"demand":null,"operation":"make shift product","quantity":1,"operationQuantity":1,"end":"2026-01-18T09:00:00","operationEnd":"2026-01-18T09:00:00"}
[buffer] replenish {"buffer":"shift product @ shift plant","iteration":0,"requested":1,"replenished":0,"producerDate":"2030-12-31T00:00:00","eventCountBefore":1,"eventCountAfter":1,"remaining":1}
[buffer] answer {"demand":null,"buffer":"shift product @ shift plant","requested":1,"remainingShortage":1,"quantity":0,"date":"2030-12-31T00:00:00","plan":null}
[operation] material-reject {"demand":"shift order across shutdown","operation":"ship shift product","start":"2026-01-18T09:00:00","end":"2026-01-18T10:00:00","asked":1,"answerQuantity":0,"answerDate":"2030-12-31T00:00:00"}
[demand] reply {"demand":"shift order across shutdown","attempt":1,"result":false,"quantity":0,"date":"2030-12-31T00:00:00"}
[demand] attempt {"demand":"shift order maintenance","attempt":1,"quantity":1,"requestDate":"2026-01-23T09:00:00","lastDate":"2030-12-31T00:00:00"}
[operation] ask {"demand":"shift order maintenance","operation":"ship shift product","quantity":1,"operationQuantity":1,"end":"2026-01-23T09:00:00","operationEnd":"2026-01-23T09:00:00"}
[buffer] ask {"demand":null,"buffer":"shift product @ shift plant","requested":1,"date":"2026-01-23T07:00:00","onhand":0}
[buffer] shortage {"buffer":"shift product @ shift plant","iteration":0,"date":"2026-01-23T07:00:00","onhand":-1,"shortage":1}
[operation] ask {"demand":null,"operation":"make shift product","quantity":1,"operationQuantity":1,"end":"2026-01-23T07:00:00","operationEnd":"2026-01-23T07:00:00"}
[resource] ask {"demand":null,"operation":"make shift product","resource":"shift machine","start":"2026-01-02T12:00:00","end":"2026-01-22T18:00:00"}
[resource] candidate {"demand":null,"start":"2026-01-02T12:00:00","end":"2026-01-22T18:00:00","feasible":true}
[operation] answer {"demand":null,"operation":"make shift product","quantity":1,"start":"2026-01-02T12:00:00","end":"2026-01-22T18:00:00"}
[buffer] replenish {"buffer":"shift product @ shift plant","iteration":0,"requested":1,"replenished":1,"producerDate":"2030-12-31T00:00:00","eventCountBefore":1,"eventCountAfter":2,"remaining":0}
[buffer] answer {"demand":null,"buffer":"shift product @ shift plant","requested":1,"remainingShortage":0,"quantity":1,"date":"2030-12-31T00:00:00","plan":"OperationPlan"}
[operation] answer {"demand":"shift order maintenance","operation":"ship shift product","quantity":1,"start":"2026-01-23T07:00:00","end":"2026-01-23T08:00:00"}
[demand] reply {"demand":"shift order maintenance","attempt":1,"result":true,"quantity":1,"date":"2030-12-31T00:00:00"}
{
  "scenario": "calendar_shift_shutdown",
  "industry": "离散制造班次",
  "description": "Operation, location and resource calendars combine weekday shifts, a lunch interruption and a plant shutdown",
  "coverage": [
    "工作日班次",
    "午休",
    "工厂停产",
    "工序日历",
    "地点日历",
    "资源日历"
  ],
  "solver": {
    "plantype": 1,
    "lazyDelay": 14400,
    "constraints": 15,
    "minimumDelay": 3600
  },
  "input": {
    "demands": 3,
    "items": 1,
    "buffers": 1,
    "operations": 2,
    "resources": 1,
    "loads": 1,
    "flows": 2,
    "skills": 0,
    "setupMatrices": 0
  },
  "identical": false,
  "nativeOperationPlans": 6,
  "typescriptOperationPlans": 2,
  "nativeDeliveries": 3,
  "typescriptDeliveries": 1,
  "differenceCount": 16,
  "firstDifferences": [
    {
      "path": "$.deliveries.length",
      "native": 3,
      "typescript": 1
    },
    {
      "path": "$.deliveries[0].demand",
      "native": "shift order across shutdown",
      "typescript": "shift order maintenance"
    },
    {
      "path": "$.deliveries[0].end",
      "native": "2026-01-13T18:00:00",
      "typescript": "2026-01-23T08:00:00"
    },
    {
      "path": "$.operationPlans.length",
      "native": 6,
      "typescript": 2
    },
    {
      "path": "$.operationPlans[0].end",
      "native": "2026-01-07T17:00:00",
      "typescript": "2026-01-22T18:00:00"
    },
    {
      "path": "$.operationPlans[0].materials[0].date",
      "native": "2026-01-07T17:00:00",
      "typescript": "2026-01-22T18:00:00"
    },
    {
      "path": "$.operationPlans[0].setupEnd",
      "native": "2026-01-02T16:00:00",
      "typescript": "2026-01-02T12:00:00"
    },
    {
      "path": "$.operationPlans[0].start",
      "native": "2026-01-02T16:00:00",
      "typescript": "2026-01-02T12:00:00"
    },
    {
      "path": "$.operationPlans[1].demand",
      "native": null,
      "typescript": "shift order maintenance"
    },
    {
      "path": "$.operationPlans[1].end",
      "native": "2026-01-13T15:00:00",
      "typescript": "2026-01-23T08:00:00"
    },
    {
      "path": "$.operationPlans[1].materials[0].date",
      "native": "2026-01-13T15:00:00",
      "typescript": "2026-01-23T07:00:00"
    },
    {
      "path": "$.operationPlans[1].materials[0].quantity",
      "native": 1,
      "typescript": -1
    },
    {
      "path": "$.operationPlans[1].operation",
      "native": "make shift product",
      "typescript": "ship shift product"
    },
    {
      "path": "$.operationPlans[1].resources.length",
      "native": 1,
      "typescript": 0
    },
    {
      "path": "$.operationPlans[1].setupEnd",
      "native": "2026-01-08T09:00:00",
      "typescript": "2026-01-23T07:00:00"
    },
    {
      "path": "$.operationPlans[1].start",
      "native": "2026-01-08T09:00:00",
      "typescript": "2026-01-23T07:00:00"
    }
  ],
  "databaseSchema": "codex_schedule_diff"
}
