
> hikari-api@ dev C:\Users\11516\Desktop\project\enLearn\api
> tsx watch src/main.ts

[32m[Nest] 47348  - [39m2026/07/31 08:34:03 [32m    LOG[39m [38;5;3m[NestFactory] [39m[32mStarting Nest application...[39m
[32m[Nest] 47348  - [39m2026/07/31 08:34:03 [32m    LOG[39m [38;5;3m[InstanceLoader] [39m[32mChatModule dependencies initialized[39m[38;5;3m +21ms[39m
[32m[Nest] 47348  - [39m2026/07/31 08:34:03 [32m    LOG[39m [38;5;3m[InstanceLoader] [39m[32mClientsModule dependencies initialized[39m[38;5;3m +3ms[39m
[32m[Nest] 47348  - [39m2026/07/31 08:34:03 [32m    LOG[39m [38;5;3m[InstanceLoader] [39m[32mClientsModule dependencies initialized[39m[38;5;3m +3ms[39m
[32m[Nest] 47348  - [39m2026/07/31 08:34:03 [32m    LOG[39m [38;5;3m[InstanceLoader] [39m[32mDomainClientModule dependencies initialized[39m[38;5;3m +2ms[39m
[32m[Nest] 47348  - [39m2026/07/31 08:34:03 [32m    LOG[39m [38;5;3m[InstanceLoader] [39m[32mWorkflowModule dependencies initialized[39m[38;5;3m +0ms[39m
[32m[Nest] 47348  - [39m2026/07/31 08:34:03 [32m    LOG[39m [38;5;3m[InstanceLoader] [39m[32mAuthModule dependencies initialized[39m[38;5;3m +4ms[39m
[32m[Nest] 47348  - [39m2026/07/31 08:34:03 [32m    LOG[39m [38;5;3m[InstanceLoader] [39m[32mAppModule dependencies initialized[39m[38;5;3m +0ms[39m
[32m[Nest] 47348  - [39m2026/07/31 08:34:04 [32m    LOG[39m [38;5;3m[RoutesResolver] [39m[32mServiceGatewayController {/api}:[39m[38;5;3m +1297ms[39m
[32m[Nest] 47348  - [39m2026/07/31 08:34:04 [32m    LOG[39m [38;5;3m[RouterExplorer] [39m[32mMapped {/api/service, POST} route[39m[38;5;3m +8ms[39m
[32m[Nest] 47348  - [39m2026/07/31 08:34:04 [32m    LOG[39m [38;5;3m[RoutesResolver] [39m[32mAuthController {/api/auth}:[39m[38;5;3m +1ms[39m
[32m[Nest] 47348  - [39m2026/07/31 08:34:04 [32m    LOG[39m [38;5;3m[RouterExplorer] [39m[32mMapped {/api/auth/signin, POST} route[39m[38;5;3m +3ms[39m
[32m[Nest] 47348  - [39m2026/07/31 08:34:04 [32m    LOG[39m [38;5;3m[RouterExplorer] [39m[32mMapped {/api/auth/signup, POST} route[39m[38;5;3m +2ms[39m
[32m[Nest] 47348  - [39m2026/07/31 08:34:04 [32m    LOG[39m [38;5;3m[RouterExplorer] [39m[32mMapped {/api/auth/oauth, POST} route[39m[38;5;3m +1ms[39m
[32m[Nest] 47348  - [39m2026/07/31 08:34:04 [32m    LOG[39m [38;5;3m[RouterExplorer] [39m[32mMapped {/api/auth/session, POST} route[39m[38;5;3m +4ms[39m
[32m[Nest] 47348  - [39m2026/07/31 08:34:04 [32m    LOG[39m [38;5;3m[RouterExplorer] [39m[32mMapped {/api/auth/refresh, POST} route[39m[38;5;3m +1ms[39m
[32m[Nest] 47348  - [39m2026/07/31 08:34:04 [32m    LOG[39m [38;5;3m[RouterExplorer] [39m[32mMapped {/api/auth/me, GET} route[39m[38;5;3m +1ms[39m
[32m[Nest] 47348  - [39m2026/07/31 08:34:04 [32m    LOG[39m [38;5;3m[RouterExplorer] [39m[32mMapped {/api/auth/signout, POST} route[39m[38;5;3m +1ms[39m
[32m[Nest] 47348  - [39m2026/07/31 08:34:04 [32m    LOG[39m [38;5;3m[NestApplication] [39m[32mNest application successfully started[39m[38;5;3m +6ms[39m
Nest API listening on http://localhost:3002/api/service
08:35:04 [tsx] change in ./src\gateway\service-router.service.ts Restarting...
[32m[Nest] 39416  - [39m2026/07/31 08:35:06 [32m    LOG[39m [38;5;3m[NestFactory] [39m[32mStarting Nest application...[39m
[32m[Nest] 39416  - [39m2026/07/31 08:35:06 [32m    LOG[39m [38;5;3m[InstanceLoader] [39m[32mChatModule dependencies initialized[39m[38;5;3m +13ms[39m
[32m[Nest] 39416  - [39m2026/07/31 08:35:06 [32m    LOG[39m [38;5;3m[InstanceLoader] [39m[32mClientsModule dependencies initialized[39m[38;5;3m +1ms[39m
[32m[Nest] 39416  - [39m2026/07/31 08:35:06 [32m    LOG[39m [38;5;3m[InstanceLoader] [39m[32mClientsModule dependencies initialized[39m[38;5;3m +0ms[39m
08:36:00 [tsx] change in ./src\gateway\domain-client.module.ts Rerunning...
[32m[Nest] 15156  - [39m2026/07/31 08:36:02 [32m    LOG[39m [38;5;3m[NestFactory] [39m[32mStarting Nest application...[39m
[32m[Nest] 15156  - [39m2026/07/31 08:36:02 [32m    LOG[39m [38;5;3m[InstanceLoader] [39m[32mChatModule dependencies initialized[39m[38;5;3m +13ms[39m
[32m[Nest] 15156  - [39m2026/07/31 08:36:02 [32m    LOG[39m [38;5;3m[InstanceLoader] [39m[32mClientsModule dependencies initialized[39m[38;5;3m +1ms[39m
[32m[Nest] 15156  - [39m2026/07/31 08:36:02 [32m    LOG[39m [38;5;3m[InstanceLoader] [39m[32mClientsModule dependencies initialized[39m[38;5;3m +0ms[39m
[32m[Nest] 15156  - [39m2026/07/31 08:36:02 [32m    LOG[39m [38;5;3m[InstanceLoader] [39m[32mWorkflowModule dependencies initialized[39m[38;5;3m +0ms[39m
[32m[Nest] 15156  - [39m2026/07/31 08:36:02 [32m    LOG[39m [38;5;3m[InstanceLoader] [39m[32mAuthModule dependencies initialized[39m[38;5;3m +1ms[39m
[32m[Nest] 15156  - [39m2026/07/31 08:36:02 [32m    LOG[39m [38;5;3m[InstanceLoader] [39m[32mDomainClientModule dependencies initialized[39m[38;5;3m +0ms[39m
[32m[Nest] 15156  - [39m2026/07/31 08:36:02 [32m    LOG[39m [38;5;3m[InstanceLoader] [39m[32mAppModule dependencies initialized[39m[38;5;3m +0ms[39m
[32m[Nest] 15156  - [39m2026/07/31 08:36:02 [32m    LOG[39m [38;5;3m[RoutesResolver] [39m[32mServiceGatewayController {/api}:[39m[38;5;3m +368ms[39m
[32m[Nest] 15156  - [39m2026/07/31 08:36:02 [32m    LOG[39m [38;5;3m[RouterExplorer] [39m[32mMapped {/api/service, POST} route[39m[38;5;3m +5ms[39m
[32m[Nest] 15156  - [39m2026/07/31 08:36:02 [32m    LOG[39m [38;5;3m[RoutesResolver] [39m[32mAuthController {/api/auth}:[39m[38;5;3m +1ms[39m
[32m[Nest] 15156  - [39m2026/07/31 08:36:02 [32m    LOG[39m [38;5;3m[RouterExplorer] [39m[32mMapped {/api/auth/signin, POST} route[39m[38;5;3m +1ms[39m
[32m[Nest] 15156  - [39m2026/07/31 08:36:02 [32m    LOG[39m [38;5;3m[RouterExplorer] [39m[32mMapped {/api/auth/signup, POST} route[39m[38;5;3m +1ms[39m
[32m[Nest] 15156  - [39m2026/07/31 08:36:02 [32m    LOG[39m [38;5;3m[RouterExplorer] [39m[32mMapped {/api/auth/oauth, POST} route[39m[38;5;3m +1ms[39m
[32m[Nest] 15156  - [39m2026/07/31 08:36:02 [32m    LOG[39m [38;5;3m[RouterExplorer] [39m[32mMapped {/api/auth/session, POST} route[39m[38;5;3m +0ms[39m
[32m[Nest] 15156  - [39m2026/07/31 08:36:02 [32m    LOG[39m [38;5;3m[RouterExplorer] [39m[32mMapped {/api/auth/refresh, POST} route[39m[38;5;3m +1ms[39m
[32m[Nest] 15156  - [39m2026/07/31 08:36:02 [32m    LOG[39m [38;5;3m[RouterExplorer] [39m[32mMapped {/api/auth/me, GET} route[39m[38;5;3m +1ms[39m
[32m[Nest] 15156  - [39m2026/07/31 08:36:02 [32m    LOG[39m [38;5;3m[RouterExplorer] [39m[32mMapped {/api/auth/signout, POST} route[39m[38;5;3m +0ms[39m
[32m[Nest] 15156  - [39m2026/07/31 08:36:02 [32m    LOG[39m [38;5;3m[NestApplication] [39m[32mNest application successfully started[39m[38;5;3m +3ms[39m
Nest API listening on http://localhost:3002/api/service
08:58:37 [tsx] change in ./src\workflow\workflow.service.ts Restarting...
[32m[Nest] 64736  - [39m2026/07/31 08:58:39 [32m    LOG[39m [38;5;3m[NestFactory] [39m[32mStarting Nest application...[39m
[32m[Nest] 64736  - [39m2026/07/31 08:58:39 [32m    LOG[39m [38;5;3m[InstanceLoader] [39m[32mChatModule dependencies initialized[39m[38;5;3m +10ms[39m
[32m[Nest] 64736  - [39m2026/07/31 08:58:39 [32m    LOG[39m [38;5;3m[InstanceLoader] [39m[32mClientsModule dependencies initialized[39m[38;5;3m +1ms[39m
[32m[Nest] 64736  - [39m2026/07/31 08:58:39 [32m    LOG[39m [38;5;3m[InstanceLoader] [39m[32mClientsModule dependencies initialized[39m[38;5;3m +0ms[39m
[32m[Nest] 64736  - [39m2026/07/31 08:58:39 [32m    LOG[39m [38;5;3m[InstanceLoader] [39m[32mWorkflowModule dependencies initialized[39m[38;5;3m +0ms[39m
[32m[Nest] 64736  - [39m2026/07/31 08:58:39 [32m    LOG[39m [38;5;3m[InstanceLoader] [39m[32mAuthModule dependencies initialized[39m[38;5;3m +1ms[39m
[32m[Nest] 64736  - [39m2026/07/31 08:58:39 [32m    LOG[39m [38;5;3m[InstanceLoader] [39m[32mDomainClientModule dependencies initialized[39m[38;5;3m +0ms[39m
[32m[Nest] 64736  - [39m2026/07/31 08:58:39 [32m    LOG[39m [38;5;3m[InstanceLoader] [39m[32mAppModule dependencies initialized[39m[38;5;3m +0ms[39m
[32m[Nest] 64736  - [39m2026/07/31 08:58:39 [32m    LOG[39m [38;5;3m[RoutesResolver] [39m[32mServiceGatewayController {/api}:[39m[38;5;3m +321ms[39m
[32m[Nest] 64736  - [39m2026/07/31 08:58:39 [32m    LOG[39m [38;5;3m[RouterExplorer] [39m[32mMapped {/api/service, POST} route[39m[38;5;3m +3ms[39m
[32m[Nest] 64736  - [39m2026/07/31 08:58:39 [32m    LOG[39m [38;5;3m[RoutesResolver] [39m[32mAuthController {/api/auth}:[39m[38;5;3m +0ms[39m
[32m[Nest] 64736  - [39m2026/07/31 08:58:39 [32m    LOG[39m [38;5;3m[RouterExplorer] [39m[32mMapped {/api/auth/signin, POST} route[39m[38;5;3m +1ms[39m
[32m[Nest] 64736  - [39m2026/07/31 08:58:39 [32m    LOG[39m [38;5;3m[RouterExplorer] [39m[32mMapped {/api/auth/signup, POST} route[39m[38;5;3m +1ms[39m
[32m[Nest] 64736  - [39m2026/07/31 08:58:39 [32m    LOG[39m [38;5;3m[RouterExplorer] [39m[32mMapped {/api/auth/oauth, POST} route[39m[38;5;3m +0ms[39m
[32m[Nest] 64736  - [39m2026/07/31 08:58:39 [32m    LOG[39m [38;5;3m[RouterExplorer] [39m[32mMapped {/api/auth/session, POST} route[39m[38;5;3m +1ms[39m
[32m[Nest] 64736  - [39m2026/07/31 08:58:39 [32m    LOG[39m [38;5;3m[RouterExplorer] [39m[32mMapped {/api/auth/refresh, POST} route[39m[38;5;3m +0ms[39m
[32m[Nest] 64736  - [39m2026/07/31 08:58:39 [32m    LOG[39m [38;5;3m[RouterExplorer] [39m[32mMapped {/api/auth/me, GET} route[39m[38;5;3m +1ms[39m
[32m[Nest] 64736  - [39m2026/07/31 08:58:39 [32m    LOG[39m [38;5;3m[RouterExplorer] [39m[32mMapped {/api/auth/signout, POST} route[39m[38;5;3m +0ms[39m
[32m[Nest] 64736  - [39m2026/07/31 08:58:39 [32m    LOG[39m [38;5;3m[NestApplication] [39m[32mNest application successfully started[39m[38;5;3m +2ms[39m
Nest API listening on http://localhost:3002/api/service
