[31m[Nest] 47348  - [39m2026/07/31 08:34:45 [31m  ERROR[39m [38;5;3m[ExceptionsHandler] [39m[31mCannot read properties of undefined (reading 'execute')[39m
TypeError: Cannot read properties of undefined (reading 'execute')
    at ServiceRouterService.invoke (C:\Users\11516\Desktop\project\enLearn\api\src\gateway\service-router.service.ts:28:35)
    at ServiceGatewayController.service (C:\Users\11516\Desktop\project\enLearn\api\src\gateway\service-gateway.controller.ts:135:32)
    at C:\Users\11516\Desktop\project\enLearn\api\node_modules\.pnpm\@nestjs+core@10.4.22_@nestjs+common@10.4.22_class-transformer@0.5.1_class-validator@0.14.4_re_mi5a7jxople52d7rec3espzuia\node_modules\@nestjs\core\router\router-execution-context.js:38:29
    at process.processTicksAndRejections (node:internal/process/task_queues:105:5)
    at async C:\Users\11516\Desktop\project\enLearn\api\node_modules\.pnpm\@nestjs+core@10.4.22_@nestjs+common@10.4.22_class-transformer@0.5.1_class-validator@0.14.4_re_mi5a7jxople52d7rec3espzuia\node_modules\@nestjs\core\router\router-execution-context.js:46:28
    at async C:\Users\11516\Desktop\project\enLearn\api\node_modules\.pnpm\@nestjs+core@10.4.22_@nestjs+common@10.4.22_class-transformer@0.5.1_class-validator@0.14.4_re_mi5a7jxople52d7rec3espzuia\node_modules\@nestjs\core\router\router-proxy.js:9:17
[31m[Nest] 39416  - [39m2026/07/31 08:35:06 [31m  ERROR[39m [38;5;3m[ExceptionHandler] [39m[31mNest can't resolve dependencies of the ServiceRouterService (DOMAIN_SERVICE_CLIENT, ?). Please make sure that the argument WorkflowService at index [1] is available in the DomainClientModule context.

Potential solutions:
- Is DomainClientModule a valid NestJS module?
- If WorkflowService is a provider, is it part of the current DomainClientModule?
- If WorkflowService is exported from a separate @Module, is that module imported within DomainClientModule?
  @Module({
    imports: [ /* the Module containing WorkflowService */ ]
  })
[39m
Error: Nest can't resolve dependencies of the ServiceRouterService (DOMAIN_SERVICE_CLIENT, ?). Please make sure that the argument WorkflowService at index [1] is available in the DomainClientModule context.

Potential solutions:
- Is DomainClientModule a valid NestJS module?
- If WorkflowService is a provider, is it part of the current DomainClientModule?
- If WorkflowService is exported from a separate @Module, is that module imported within DomainClientModule?
  @Module({
    imports: [ /* the Module containing WorkflowService */ ]
  })

    at Injector.lookupComponentInParentModules (C:\Users\11516\Desktop\project\enLearn\api\node_modules\.pnpm\@nestjs+core@10.4.22_@nestjs+common@10.4.22_class-transformer@0.5.1_class-validator@0.14.4_re_mi5a7jxople52d7rec3espzuia\node_modules\@nestjs\core\injector\injector.js:262:19)
    at async Injector.resolveComponentInstance (C:\Users\11516\Desktop\project\enLearn\api\node_modules\.pnpm\@nestjs+core@10.4.22_@nestjs+common@10.4.22_class-transformer@0.5.1_class-validator@0.14.4_re_mi5a7jxople52d7rec3espzuia\node_modules\@nestjs\core\injector\injector.js:215:33)
    at async resolveParam (C:\Users\11516\Desktop\project\enLearn\api\node_modules\.pnpm\@nestjs+core@10.4.22_@nestjs+common@10.4.22_class-transformer@0.5.1_class-validator@0.14.4_re_mi5a7jxople52d7rec3espzuia\node_modules\@nestjs\core\injector\injector.js:129:38)
    at async Promise.all (index 1)
    at async Injector.resolveConstructorParams (C:\Users\11516\Desktop\project\enLearn\api\node_modules\.pnpm\@nestjs+core@10.4.22_@nestjs+common@10.4.22_class-transformer@0.5.1_class-validator@0.14.4_re_mi5a7jxople52d7rec3espzuia\node_modules\@nestjs\core\injector\injector.js:144:27)
    at async Injector.loadInstance (C:\Users\11516\Desktop\project\enLearn\api\node_modules\.pnpm\@nestjs+core@10.4.22_@nestjs+common@10.4.22_class-transformer@0.5.1_class-validator@0.14.4_re_mi5a7jxople52d7rec3espzuia\node_modules\@nestjs\core\injector\injector.js:70:13)
    at async Injector.loadProvider (C:\Users\11516\Desktop\project\enLearn\api\node_modules\.pnpm\@nestjs+core@10.4.22_@nestjs+common@10.4.22_class-transformer@0.5.1_class-validator@0.14.4_re_mi5a7jxople52d7rec3espzuia\node_modules\@nestjs\core\injector\injector.js:98:9)
    at async C:\Users\11516\Desktop\project\enLearn\api\node_modules\.pnpm\@nestjs+core@10.4.22_@nestjs+common@10.4.22_class-transformer@0.5.1_class-validator@0.14.4_re_mi5a7jxople52d7rec3espzuia\node_modules\@nestjs\core\injector\instance-loader.js:56:13
    at async Promise.all (index 3)
    at async InstanceLoader.createInstancesOfProviders (C:\Users\11516\Desktop\project\enLearn\api\node_modules\.pnpm\@nestjs+core@10.4.22_@nestjs+common@10.4.22_class-transformer@0.5.1_class-validator@0.14.4_re_mi5a7jxople52d7rec3espzuia\node_modules\@nestjs\core\injector\instance-loader.js:55:9)
[WARN] Redis server does not require a password, but a password was supplied.
[WARN] Redis server does not require a password, but a password was supplied.
[WARN] Redis server does not require a password, but a password was supplied.
[WARN] Redis server does not require a password, but a password was supplied.
[WARN] Redis server does not require a password, but a password was supplied.
[WARN] Redis server does not require a password, but a password was supplied.
