[WARN] Redis server does not require a password, but a password was supplied.
[WARN] Redis server does not require a password, but a password was supplied.
node:internal/modules/cjs/loader:1386
  throw err;
  ^

Error: Cannot find module 'esbuild'
Require stack:
- C:\Users\11516\Desktop\project\enLearn\node_modules\.pnpm\tsx@4.23.1\node_modules\tsx\dist\index-BN2t1Mfo.cjs
- C:\Users\11516\Desktop\project\enLearn\node_modules\.pnpm\tsx@4.23.1\node_modules\tsx\dist\register-BoI6-WNn.cjs
- C:\Users\11516\Desktop\project\enLearn\node_modules\.pnpm\tsx@4.23.1\node_modules\tsx\dist\cjs\index.cjs
- C:\Users\11516\Desktop\project\enLearn\node_modules\.pnpm\tsx@4.23.1\node_modules\tsx\dist\get-pipe-path-D4YM6rQt.cjs
- C:\Users\11516\Desktop\project\enLearn\node_modules\.pnpm\tsx@4.23.1\node_modules\tsx\dist\preflight.cjs
- internal/preload
    at Function._resolveFilename (node:internal/modules/cjs/loader:1383:15)
    at defaultResolveImpl (node:internal/modules/cjs/loader:1025:19)
    at resolveForCJSWithHooks (node:internal/modules/cjs/loader:1030:22)
    at Function._load (node:internal/modules/cjs/loader:1192:37)
    at TracingChannel.traceSync (node:diagnostics_channel:322:14)
    at wrapModuleLoad (node:internal/modules/cjs/loader:237:24)
    at Module.require (node:internal/modules/cjs/loader:1463:12)
    at require (node:internal/modules/helpers:147:16)
    at Object.<anonymous> (C:\Users\11516\Desktop\project\enLearn\node_modules\.pnpm\tsx@4.23.1\node_modules\tsx\dist\index-BN2t1Mfo.cjs:1:147)
    at Module._compile (node:internal/modules/cjs/loader:1706:14) {
  code: 'MODULE_NOT_FOUND',
  requireStack: [
    'C:\\Users\\11516\\Desktop\\project\\enLearn\\node_modules\\.pnpm\\tsx@4.23.1\\node_modules\\tsx\\dist\\index-BN2t1Mfo.cjs',
    'C:\\Users\\11516\\Desktop\\project\\enLearn\\node_modules\\.pnpm\\tsx@4.23.1\\node_modules\\tsx\\dist\\register-BoI6-WNn.cjs',
    'C:\\Users\\11516\\Desktop\\project\\enLearn\\node_modules\\.pnpm\\tsx@4.23.1\\node_modules\\tsx\\dist\\cjs\\index.cjs',
    'C:\\Users\\11516\\Desktop\\project\\enLearn\\node_modules\\.pnpm\\tsx@4.23.1\\node_modules\\tsx\\dist\\get-pipe-path-D4YM6rQt.cjs',
    'C:\\Users\\11516\\Desktop\\project\\enLearn\\node_modules\\.pnpm\\tsx@4.23.1\\node_modules\\tsx\\dist\\preflight.cjs',
    'internal/preload'
  ]
}

Node.js v22.20.0
node:internal/modules/cjs/loader:1386
  throw err;
  ^

Error: Cannot find module '../register-BoI6-WNn.cjs'
Require stack:
- C:\Users\11516\Desktop\project\enLearn\node_modules\.pnpm\tsx@4.23.1\node_modules\tsx\dist\cjs\index.cjs
- C:\Users\11516\Desktop\project\enLearn\node_modules\.pnpm\tsx@4.23.1\node_modules\tsx\dist\get-pipe-path-D4YM6rQt.cjs
- C:\Users\11516\Desktop\project\enLearn\node_modules\.pnpm\tsx@4.23.1\node_modules\tsx\dist\preflight.cjs
- internal/preload
    at Function._resolveFilename (node:internal/modules/cjs/loader:1383:15)
    at defaultResolveImpl (node:internal/modules/cjs/loader:1025:19)
    at resolveForCJSWithHooks (node:internal/modules/cjs/loader:1030:22)
    at Function._load (node:internal/modules/cjs/loader:1192:37)
    at TracingChannel.traceSync (node:diagnostics_channel:322:14)
    at wrapModuleLoad (node:internal/modules/cjs/loader:237:24)
    at Module.require (node:internal/modules/cjs/loader:1463:12)
    at require (node:internal/modules/helpers:147:16)
    at Object.<anonymous> (C:\Users\11516\Desktop\project\enLearn\node_modules\.pnpm\tsx@4.23.1\node_modules\tsx\dist\cjs\index.cjs:1:20)
    at Module._compile (node:internal/modules/cjs/loader:1706:14) {
  code: 'MODULE_NOT_FOUND',
  requireStack: [
    'C:\\Users\\11516\\Desktop\\project\\enLearn\\node_modules\\.pnpm\\tsx@4.23.1\\node_modules\\tsx\\dist\\cjs\\index.cjs',
    'C:\\Users\\11516\\Desktop\\project\\enLearn\\node_modules\\.pnpm\\tsx@4.23.1\\node_modules\\tsx\\dist\\get-pipe-path-D4YM6rQt.cjs',
    'C:\\Users\\11516\\Desktop\\project\\enLearn\\node_modules\\.pnpm\\tsx@4.23.1\\node_modules\\tsx\\dist\\preflight.cjs',
    'internal/preload'
  ]
}

Node.js v22.20.0
node:internal/modules/cjs/loader:1386
  throw err;
  ^

Error: Cannot find module '../register-BoI6-WNn.cjs'
Require stack:
- C:\Users\11516\Desktop\project\enLearn\node_modules\.pnpm\tsx@4.23.1\node_modules\tsx\dist\cjs\index.cjs
- C:\Users\11516\Desktop\project\enLearn\node_modules\.pnpm\tsx@4.23.1\node_modules\tsx\dist\get-pipe-path-D4YM6rQt.cjs
- C:\Users\11516\Desktop\project\enLearn\node_modules\.pnpm\tsx@4.23.1\node_modules\tsx\dist\preflight.cjs
- internal/preload
    at Function._resolveFilename (node:internal/modules/cjs/loader:1383:15)
    at defaultResolveImpl (node:internal/modules/cjs/loader:1025:19)
    at resolveForCJSWithHooks (node:internal/modules/cjs/loader:1030:22)
    at Function._load (node:internal/modules/cjs/loader:1192:37)
    at TracingChannel.traceSync (node:diagnostics_channel:322:14)
    at wrapModuleLoad (node:internal/modules/cjs/loader:237:24)
    at Module.require (node:internal/modules/cjs/loader:1463:12)
    at require (node:internal/modules/helpers:147:16)
    at Object.<anonymous> (C:\Users\11516\Desktop\project\enLearn\node_modules\.pnpm\tsx@4.23.1\node_modules\tsx\dist\cjs\index.cjs:1:20)
    at Module._compile (node:internal/modules/cjs/loader:1706:14) {
  code: 'MODULE_NOT_FOUND',
  requireStack: [
    'C:\\Users\\11516\\Desktop\\project\\enLearn\\node_modules\\.pnpm\\tsx@4.23.1\\node_modules\\tsx\\dist\\cjs\\index.cjs',
    'C:\\Users\\11516\\Desktop\\project\\enLearn\\node_modules\\.pnpm\\tsx@4.23.1\\node_modules\\tsx\\dist\\get-pipe-path-D4YM6rQt.cjs',
    'C:\\Users\\11516\\Desktop\\project\\enLearn\\node_modules\\.pnpm\\tsx@4.23.1\\node_modules\\tsx\\dist\\preflight.cjs',
    'internal/preload'
  ]
}

Node.js v22.20.0
node:internal/modules/cjs/loader:1386
  throw err;
  ^

Error: Cannot find module '../register-BoI6-WNn.cjs'
Require stack:
- C:\Users\11516\Desktop\project\enLearn\node_modules\.pnpm\tsx@4.23.1\node_modules\tsx\dist\cjs\index.cjs
- C:\Users\11516\Desktop\project\enLearn\node_modules\.pnpm\tsx@4.23.1\node_modules\tsx\dist\get-pipe-path-D4YM6rQt.cjs
- C:\Users\11516\Desktop\project\enLearn\node_modules\.pnpm\tsx@4.23.1\node_modules\tsx\dist\preflight.cjs
- internal/preload
    at Function._resolveFilename (node:internal/modules/cjs/loader:1383:15)
    at defaultResolveImpl (node:internal/modules/cjs/loader:1025:19)
    at resolveForCJSWithHooks (node:internal/modules/cjs/loader:1030:22)
    at Function._load (node:internal/modules/cjs/loader:1192:37)
    at TracingChannel.traceSync (node:diagnostics_channel:322:14)
    at wrapModuleLoad (node:internal/modules/cjs/loader:237:24)
    at Module.require (node:internal/modules/cjs/loader:1463:12)
    at require (node:internal/modules/helpers:147:16)
    at Object.<anonymous> (C:\Users\11516\Desktop\project\enLearn\node_modules\.pnpm\tsx@4.23.1\node_modules\tsx\dist\cjs\index.cjs:1:20)
    at Module._compile (node:internal/modules/cjs/loader:1706:14) {
  code: 'MODULE_NOT_FOUND',
  requireStack: [
    'C:\\Users\\11516\\Desktop\\project\\enLearn\\node_modules\\.pnpm\\tsx@4.23.1\\node_modules\\tsx\\dist\\cjs\\index.cjs',
    'C:\\Users\\11516\\Desktop\\project\\enLearn\\node_modules\\.pnpm\\tsx@4.23.1\\node_modules\\tsx\\dist\\get-pipe-path-D4YM6rQt.cjs',
    'C:\\Users\\11516\\Desktop\\project\\enLearn\\node_modules\\.pnpm\\tsx@4.23.1\\node_modules\\tsx\\dist\\preflight.cjs',
    'internal/preload'
  ]
}

Node.js v22.20.0
node:internal/modules/cjs/loader:1386
  throw err;
  ^

Error: Cannot find module './cjs/index.cjs'
Require stack:
- C:\Users\11516\Desktop\project\enLearn\node_modules\.pnpm\tsx@4.23.1\node_modules\tsx\dist\get-pipe-path-D4YM6rQt.cjs
- C:\Users\11516\Desktop\project\enLearn\node_modules\.pnpm\tsx@4.23.1\node_modules\tsx\dist\preflight.cjs
- internal/preload
    at Function._resolveFilename (node:internal/modules/cjs/loader:1383:15)
    at defaultResolveImpl (node:internal/modules/cjs/loader:1025:19)
    at resolveForCJSWithHooks (node:internal/modules/cjs/loader:1030:22)
    at Function._load (node:internal/modules/cjs/loader:1192:37)
    at TracingChannel.traceSync (node:diagnostics_channel:322:14)
    at wrapModuleLoad (node:internal/modules/cjs/loader:237:24)
    at Module.require (node:internal/modules/cjs/loader:1463:12)
    at Object.require (node:internal/modules/helpers:147:16)
    at Object.<anonymous> (C:\Users\11516\Desktop\project\enLearn\node_modules\.pnpm\tsx@4.23.1\node_modules\tsx\dist\preflight.cjs:1:870)
    at Module._compile (node:internal/modules/cjs/loader:1706:14) {
  code: 'MODULE_NOT_FOUND',
  requireStack: [
    'C:\\Users\\11516\\Desktop\\project\\enLearn\\node_modules\\.pnpm\\tsx@4.23.1\\node_modules\\tsx\\dist\\get-pipe-path-D4YM6rQt.cjs',
    'C:\\Users\\11516\\Desktop\\project\\enLearn\\node_modules\\.pnpm\\tsx@4.23.1\\node_modules\\tsx\\dist\\preflight.cjs',
    'internal/preload'
  ]
}

Node.js v22.20.0
node:internal/modules/cjs/loader:1386
  throw err;
  ^

Error: Cannot find module './cjs/index.cjs'
Require stack:
- C:\Users\11516\Desktop\project\enLearn\node_modules\.pnpm\tsx@4.23.1\node_modules\tsx\dist\get-pipe-path-D4YM6rQt.cjs
- C:\Users\11516\Desktop\project\enLearn\node_modules\.pnpm\tsx@4.23.1\node_modules\tsx\dist\preflight.cjs
- internal/preload
    at Function._resolveFilename (node:internal/modules/cjs/loader:1383:15)
    at defaultResolveImpl (node:internal/modules/cjs/loader:1025:19)
    at resolveForCJSWithHooks (node:internal/modules/cjs/loader:1030:22)
    at Function._load (node:internal/modules/cjs/loader:1192:37)
    at TracingChannel.traceSync (node:diagnostics_channel:322:14)
    at wrapModuleLoad (node:internal/modules/cjs/loader:237:24)
    at Module.require (node:internal/modules/cjs/loader:1463:12)
    at Object.require (node:internal/modules/helpers:147:16)
    at Object.<anonymous> (C:\Users\11516\Desktop\project\enLearn\node_modules\.pnpm\tsx@4.23.1\node_modules\tsx\dist\preflight.cjs:1:870)
    at Module._compile (node:internal/modules/cjs/loader:1706:14) {
  code: 'MODULE_NOT_FOUND',
  requireStack: [
    'C:\\Users\\11516\\Desktop\\project\\enLearn\\node_modules\\.pnpm\\tsx@4.23.1\\node_modules\\tsx\\dist\\get-pipe-path-D4YM6rQt.cjs',
    'C:\\Users\\11516\\Desktop\\project\\enLearn\\node_modules\\.pnpm\\tsx@4.23.1\\node_modules\\tsx\\dist\\preflight.cjs',
    'internal/preload'
  ]
}

Node.js v22.20.0
node:internal/modules/cjs/loader:1386
  throw err;
  ^

Error: Cannot find module './cjs/index.cjs'
Require stack:
- C:\Users\11516\Desktop\project\enLearn\node_modules\.pnpm\tsx@4.23.1\node_modules\tsx\dist\get-pipe-path-D4YM6rQt.cjs
- C:\Users\11516\Desktop\project\enLearn\node_modules\.pnpm\tsx@4.23.1\node_modules\tsx\dist\preflight.cjs
- internal/preload
    at Function._resolveFilename (node:internal/modules/cjs/loader:1383:15)
    at defaultResolveImpl (node:internal/modules/cjs/loader:1025:19)
    at resolveForCJSWithHooks (node:internal/modules/cjs/loader:1030:22)
    at Function._load (node:internal/modules/cjs/loader:1192:37)
    at TracingChannel.traceSync (node:diagnostics_channel:322:14)
    at wrapModuleLoad (node:internal/modules/cjs/loader:237:24)
    at Module.require (node:internal/modules/cjs/loader:1463:12)
    at Object.require (node:internal/modules/helpers:147:16)
    at Object.<anonymous> (C:\Users\11516\Desktop\project\enLearn\node_modules\.pnpm\tsx@4.23.1\node_modules\tsx\dist\preflight.cjs:1:870)
    at Module._compile (node:internal/modules/cjs/loader:1706:14) {
  code: 'MODULE_NOT_FOUND',
  requireStack: [
    'C:\\Users\\11516\\Desktop\\project\\enLearn\\node_modules\\.pnpm\\tsx@4.23.1\\node_modules\\tsx\\dist\\get-pipe-path-D4YM6rQt.cjs',
    'C:\\Users\\11516\\Desktop\\project\\enLearn\\node_modules\\.pnpm\\tsx@4.23.1\\node_modules\\tsx\\dist\\preflight.cjs',
    'internal/preload'
  ]
}

Node.js v22.20.0
node:internal/modules/cjs/loader:1386
  throw err;
  ^

Error: Cannot find module './cjs/index.cjs'
Require stack:
- C:\Users\11516\Desktop\project\enLearn\node_modules\.pnpm\tsx@4.23.1\node_modules\tsx\dist\get-pipe-path-D4YM6rQt.cjs
- C:\Users\11516\Desktop\project\enLearn\node_modules\.pnpm\tsx@4.23.1\node_modules\tsx\dist\preflight.cjs
- internal/preload
    at Function._resolveFilename (node:internal/modules/cjs/loader:1383:15)
    at defaultResolveImpl (node:internal/modules/cjs/loader:1025:19)
    at resolveForCJSWithHooks (node:internal/modules/cjs/loader:1030:22)
    at Function._load (node:internal/modules/cjs/loader:1192:37)
    at TracingChannel.traceSync (node:diagnostics_channel:322:14)
    at wrapModuleLoad (node:internal/modules/cjs/loader:237:24)
    at Module.require (node:internal/modules/cjs/loader:1463:12)
    at Object.require (node:internal/modules/helpers:147:16)
    at Object.<anonymous> (C:\Users\11516\Desktop\project\enLearn\node_modules\.pnpm\tsx@4.23.1\node_modules\tsx\dist\preflight.cjs:1:870)
    at Module._compile (node:internal/modules/cjs/loader:1706:14) {
  code: 'MODULE_NOT_FOUND',
  requireStack: [
    'C:\\Users\\11516\\Desktop\\project\\enLearn\\node_modules\\.pnpm\\tsx@4.23.1\\node_modules\\tsx\\dist\\get-pipe-path-D4YM6rQt.cjs',
    'C:\\Users\\11516\\Desktop\\project\\enLearn\\node_modules\\.pnpm\\tsx@4.23.1\\node_modules\\tsx\\dist\\preflight.cjs',
    'internal/preload'
  ]
}

Node.js v22.20.0
node:internal/modules/cjs/loader:1386
  throw err;
  ^

Error: Cannot find module './cjs/index.cjs'
Require stack:
- C:\Users\11516\Desktop\project\enLearn\node_modules\.pnpm\tsx@4.23.1\node_modules\tsx\dist\get-pipe-path-D4YM6rQt.cjs
- C:\Users\11516\Desktop\project\enLearn\node_modules\.pnpm\tsx@4.23.1\node_modules\tsx\dist\preflight.cjs
- internal/preload
    at Function._resolveFilename (node:internal/modules/cjs/loader:1383:15)
    at defaultResolveImpl (node:internal/modules/cjs/loader:1025:19)
    at resolveForCJSWithHooks (node:internal/modules/cjs/loader:1030:22)
    at Function._load (node:internal/modules/cjs/loader:1192:37)
    at TracingChannel.traceSync (node:diagnostics_channel:322:14)
    at wrapModuleLoad (node:internal/modules/cjs/loader:237:24)
    at Module.require (node:internal/modules/cjs/loader:1463:12)
    at Object.require (node:internal/modules/helpers:147:16)
    at Object.<anonymous> (C:\Users\11516\Desktop\project\enLearn\node_modules\.pnpm\tsx@4.23.1\node_modules\tsx\dist\preflight.cjs:1:870)
    at Module._compile (node:internal/modules/cjs/loader:1706:14) {
  code: 'MODULE_NOT_FOUND',
  requireStack: [
    'C:\\Users\\11516\\Desktop\\project\\enLearn\\node_modules\\.pnpm\\tsx@4.23.1\\node_modules\\tsx\\dist\\get-pipe-path-D4YM6rQt.cjs',
    'C:\\Users\\11516\\Desktop\\project\\enLearn\\node_modules\\.pnpm\\tsx@4.23.1\\node_modules\\tsx\\dist\\preflight.cjs',
    'internal/preload'
  ]
}

Node.js v22.20.0
node:internal/modules/cjs/loader:1386
  throw err;
  ^

Error: Cannot find module './cjs/index.cjs'
Require stack:
- C:\Users\11516\Desktop\project\enLearn\node_modules\.pnpm\tsx@4.23.1\node_modules\tsx\dist\get-pipe-path-D4YM6rQt.cjs
- C:\Users\11516\Desktop\project\enLearn\node_modules\.pnpm\tsx@4.23.1\node_modules\tsx\dist\preflight.cjs
- internal/preload
    at Function._resolveFilename (node:internal/modules/cjs/loader:1383:15)
    at defaultResolveImpl (node:internal/modules/cjs/loader:1025:19)
    at resolveForCJSWithHooks (node:internal/modules/cjs/loader:1030:22)
    at Function._load (node:internal/modules/cjs/loader:1192:37)
    at TracingChannel.traceSync (node:diagnostics_channel:322:14)
    at wrapModuleLoad (node:internal/modules/cjs/loader:237:24)
    at Module.require (node:internal/modules/cjs/loader:1463:12)
    at Object.require (node:internal/modules/helpers:147:16)
    at Object.<anonymous> (C:\Users\11516\Desktop\project\enLearn\node_modules\.pnpm\tsx@4.23.1\node_modules\tsx\dist\preflight.cjs:1:870)
    at Module._compile (node:internal/modules/cjs/loader:1706:14) {
  code: 'MODULE_NOT_FOUND',
  requireStack: [
    'C:\\Users\\11516\\Desktop\\project\\enLearn\\node_modules\\.pnpm\\tsx@4.23.1\\node_modules\\tsx\\dist\\get-pipe-path-D4YM6rQt.cjs',
    'C:\\Users\\11516\\Desktop\\project\\enLearn\\node_modules\\.pnpm\\tsx@4.23.1\\node_modules\\tsx\\dist\\preflight.cjs',
    'internal/preload'
  ]
}

Node.js v22.20.0
node:internal/modules/cjs/loader:1386
  throw err;
  ^

Error: Cannot find module './cjs/index.cjs'
Require stack:
- C:\Users\11516\Desktop\project\enLearn\node_modules\.pnpm\tsx@4.23.1\node_modules\tsx\dist\get-pipe-path-D4YM6rQt.cjs
- C:\Users\11516\Desktop\project\enLearn\node_modules\.pnpm\tsx@4.23.1\node_modules\tsx\dist\preflight.cjs
- internal/preload
    at Function._resolveFilename (node:internal/modules/cjs/loader:1383:15)
    at defaultResolveImpl (node:internal/modules/cjs/loader:1025:19)
    at resolveForCJSWithHooks (node:internal/modules/cjs/loader:1030:22)
    at Function._load (node:internal/modules/cjs/loader:1192:37)
    at TracingChannel.traceSync (node:diagnostics_channel:322:14)
    at wrapModuleLoad (node:internal/modules/cjs/loader:237:24)
    at Module.require (node:internal/modules/cjs/loader:1463:12)
    at Object.require (node:internal/modules/helpers:147:16)
    at Object.<anonymous> (C:\Users\11516\Desktop\project\enLearn\node_modules\.pnpm\tsx@4.23.1\node_modules\tsx\dist\preflight.cjs:1:870)
    at Module._compile (node:internal/modules/cjs/loader:1706:14) {
  code: 'MODULE_NOT_FOUND',
  requireStack: [
    'C:\\Users\\11516\\Desktop\\project\\enLearn\\node_modules\\.pnpm\\tsx@4.23.1\\node_modules\\tsx\\dist\\get-pipe-path-D4YM6rQt.cjs',
    'C:\\Users\\11516\\Desktop\\project\\enLearn\\node_modules\\.pnpm\\tsx@4.23.1\\node_modules\\tsx\\dist\\preflight.cjs',
    'internal/preload'
  ]
}

Node.js v22.20.0
node:internal/modules/cjs/loader:1386
  throw err;
  ^

Error: Cannot find module 'esbuild'
Require stack:
- C:\Users\11516\Desktop\project\enLearn\node_modules\.pnpm\tsx@4.23.1\node_modules\tsx\dist\index-BN2t1Mfo.cjs
- C:\Users\11516\Desktop\project\enLearn\node_modules\.pnpm\tsx@4.23.1\node_modules\tsx\dist\register-BoI6-WNn.cjs
- C:\Users\11516\Desktop\project\enLearn\node_modules\.pnpm\tsx@4.23.1\node_modules\tsx\dist\cjs\index.cjs
- C:\Users\11516\Desktop\project\enLearn\node_modules\.pnpm\tsx@4.23.1\node_modules\tsx\dist\get-pipe-path-D4YM6rQt.cjs
- C:\Users\11516\Desktop\project\enLearn\node_modules\.pnpm\tsx@4.23.1\node_modules\tsx\dist\preflight.cjs
- internal/preload
    at Function._resolveFilename (node:internal/modules/cjs/loader:1383:15)
    at defaultResolveImpl (node:internal/modules/cjs/loader:1025:19)
    at resolveForCJSWithHooks (node:internal/modules/cjs/loader:1030:22)
    at Function._load (node:internal/modules/cjs/loader:1192:37)
    at TracingChannel.traceSync (node:diagnostics_channel:322:14)
    at wrapModuleLoad (node:internal/modules/cjs/loader:237:24)
    at Module.require (node:internal/modules/cjs/loader:1463:12)
    at require (node:internal/modules/helpers:147:16)
    at Object.<anonymous> (C:\Users\11516\Desktop\project\enLearn\node_modules\.pnpm\tsx@4.23.1\node_modules\tsx\dist\index-BN2t1Mfo.cjs:1:147)
    at Module._compile (node:internal/modules/cjs/loader:1706:14) {
  code: 'MODULE_NOT_FOUND',
  requireStack: [
    'C:\\Users\\11516\\Desktop\\project\\enLearn\\node_modules\\.pnpm\\tsx@4.23.1\\node_modules\\tsx\\dist\\index-BN2t1Mfo.cjs',
    'C:\\Users\\11516\\Desktop\\project\\enLearn\\node_modules\\.pnpm\\tsx@4.23.1\\node_modules\\tsx\\dist\\register-BoI6-WNn.cjs',
    'C:\\Users\\11516\\Desktop\\project\\enLearn\\node_modules\\.pnpm\\tsx@4.23.1\\node_modules\\tsx\\dist\\cjs\\index.cjs',
    'C:\\Users\\11516\\Desktop\\project\\enLearn\\node_modules\\.pnpm\\tsx@4.23.1\\node_modules\\tsx\\dist\\get-pipe-path-D4YM6rQt.cjs',
    'C:\\Users\\11516\\Desktop\\project\\enLearn\\node_modules\\.pnpm\\tsx@4.23.1\\node_modules\\tsx\\dist\\preflight.cjs',
    'internal/preload'
  ]
}
[WARN] Redis server does not require a password, but a password was supplied.
[WARN] Redis server does not require a password, but a password was supplied.
[WARN] Redis server does not require a password, but a password was supplied.
[WARN] Redis server does not require a password, but a password was supplied.
(node:64332) DeprecationWarning: Calling client.query() when the client is already executing a query is deprecated and will be removed in pg@9.0. Use async/await or an external async flow control mechanism instead.
(Use `node --trace-deprecation ...` to show where the warning was created)
node:internal/modules/cjs/loader:1419
  const err = new Error(`Cannot find module '${request}'`);
              ^

Error: Cannot find module 'C:\Users\11516\Desktop\project\enLearn\node_modules\.pnpm\@nestjs+common@10.4.22_class-transformer@0.5.1_class-validator@0.14.4_reflect-metadata@0.2.2_rxjs@7.8.2\node_modules\rxjs\dist\cjs\operators\index.js'
    at createEsmNotFoundErr (node:internal/modules/cjs/loader:1419:15)
    at finalizeEsmResolution (node:internal/modules/cjs/loader:1408:15)
    at resolveExports (node:internal/modules/cjs/loader:650:14)
    at Function._findPath (node:internal/modules/cjs/loader:717:31)
    at node:internal/modules/cjs/loader:1369:27
    at nextResolveSimple (C:\Users\11516\Desktop\project\enLearn\node_modules\.pnpm\tsx@4.23.1\node_modules\tsx\dist\register-BoI6-WNn.cjs:10:1017)
    at C:\Users\11516\Desktop\project\enLearn\node_modules\.pnpm\tsx@4.23.1\node_modules\tsx\dist\register-BoI6-WNn.cjs:9:4613
    at C:\Users\11516\Desktop\project\enLearn\node_modules\.pnpm\tsx@4.23.1\node_modules\tsx\dist\register-BoI6-WNn.cjs:9:3894
    at resolveTsPaths (C:\Users\11516\Desktop\project\enLearn\node_modules\.pnpm\tsx@4.23.1\node_modules\tsx\dist\register-BoI6-WNn.cjs:10:770)
    at C:\Users\11516\Desktop\project\enLearn\node_modules\.pnpm\tsx@4.23.1\node_modules\tsx\dist\register-BoI6-WNn.cjs:10:1171 {
  code: 'MODULE_NOT_FOUND',
  path: 'C:\\Users\\11516\\Desktop\\project\\enLearn\\node_modules\\.pnpm\\@nestjs+common@10.4.22_class-transformer@0.5.1_class-validator@0.14.4_reflect-metadata@0.2.2_rxjs@7.8.2\\node_modules\\rxjs'
}

Node.js v22.20.0
