
> hikari-api@ domain:dev C:\Users\11516\Desktop\project\enLearn\api
> tsx watch src/domain-service/main.ts

[32m[Nest] 25300  - [39m2026/07/31 09:51:56 [32m    LOG[39m [38;5;3m[NestFactory] [39m[32mStarting Nest application...[39m
[32m[Nest] 25300  - [39m2026/07/31 09:51:56 [32m    LOG[39m [38;5;3m[InstanceLoader] [39m[32mAccountModule dependencies initialized[39m[38;5;3m +28ms[39m
[32m[Nest] 25300  - [39m2026/07/31 09:51:56 [32m    LOG[39m [38;5;3m[InstanceLoader] [39m[32mAdminModule dependencies initialized[39m[38;5;3m +3ms[39m
[32m[Nest] 25300  - [39m2026/07/31 09:51:56 [32m    LOG[39m [38;5;3m[InstanceLoader] [39m[32mPaymentModule dependencies initialized[39m[38;5;3m +1ms[39m
[32m[Nest] 25300  - [39m2026/07/31 09:51:56 [32m    LOG[39m [38;5;3m[InstanceLoader] [39m[32mUserModule dependencies initialized[39m[38;5;3m +1ms[39m
[32m[Nest] 25300  - [39m2026/07/31 09:51:56 [32m    LOG[39m [38;5;3m[InstanceLoader] [39m[32mLowCodeModule dependencies initialized[39m[38;5;3m +0ms[39m
[32m[Nest] 25300  - [39m2026/07/31 09:51:56 [32m    LOG[39m [38;5;3m[InstanceLoader] [39m[32mPostsModule dependencies initialized[39m[38;5;3m +1ms[39m
[32m[Nest] 25300  - [39m2026/07/31 09:51:56 [32m    LOG[39m [38;5;3m[InstanceLoader] [39m[32mNotificationModule dependencies initialized[39m[38;5;3m +0ms[39m
[32m[Nest] 25300  - [39m2026/07/31 09:51:56 [32m    LOG[39m [38;5;3m[InstanceLoader] [39m[32mEntityDesignModule dependencies initialized[39m[38;5;3m +1ms[39m
[32m[Nest] 25300  - [39m2026/07/31 09:51:56 [32m    LOG[39m [38;5;3m[InstanceLoader] [39m[32mFilesModule dependencies initialized[39m[38;5;3m +1ms[39m
[32m[Nest] 25300  - [39m2026/07/31 09:51:56 [32m    LOG[39m [38;5;3m[InstanceLoader] [39m[32mChatModule dependencies initialized[39m[38;5;3m +0ms[39m
[32m[Nest] 25300  - [39m2026/07/31 09:51:56 [32m    LOG[39m [38;5;3m[InstanceLoader] [39m[32mAppModule dependencies initialized[39m[38;5;3m +2ms[39m
[32m[Nest] 25300  - [39m2026/07/31 09:51:56 [32m    LOG[39m [38;5;3m[NestMicroservice] [39m[32mNest microservice successfully started[39m[38;5;3m +230ms[39m
Domain service is listening on Redis.
14:36:31 [tsx] unlink in ./..\node_modules\.pnpm\pg-connection-string@2.14.0\node_modules\pg-connection-string\index.js Restarting...
14:36:33 [tsx] unlink in ./..\node_modules\.pnpm\side-channel-list@1.0.1\node_modules\side-channel-list\index.js Restarting...
14:36:34 [tsx] unlink in ./..\node_modules\.pnpm\supports-color@10.2.2\node_modules\supports-color\index.js Restarting...
14:36:38 [tsx] unlink in ./..\node_modules\.pnpm\@nestjs+common@10.4.22_class-transformer@0.5.1_class-validator@0.14.4_reflect-metadata@0.2.2_rxjs@7.8.2\node_modules\@nestjs\common\constants.js Rerunning...
14:36:39 [tsx] unlink in ./..\node_modules\.pnpm\@nestjs+core@10.4.22_@nestjs+common@10.4.22_class-transformer@0.5.1_class-validator@0.14.4_re_uzqqxc2ewfsre2q7hf3x34nf2i\node_modules\@nestjs\core\scanner.js Restarting...
14:36:41 [tsx] unlink in ./..\node_modules\.pnpm\ioredis@5.11.1\node_modules\ioredis\built\DataHandler.js Restarting...
14:36:42 [tsx] unlink in ./..\node_modules\.pnpm\iterare@1.2.1\node_modules\iterare\lib\zip.js Restarting...
14:36:44 [tsx] unlink in ./..\node_modules\.pnpm\pg@8.22.0\node_modules\pg\lib\stream.js Restarting...
14:36:46 [tsx] unlink in ./..\node_modules\.pnpm\uid@2.0.2\node_modules\uid\dist\index.js Restarting...
14:36:54 [tsx] unlink in ./..\node_modules\.pnpm\@ioredis+commands@1.10.0\node_modules\@ioredis\commands\built\index.js Rerunning...
14:36:58 [tsx] unlink in ./..\node_modules\.pnpm\@nestjs+core@10.4.22_@nestjs+common@10.4.22_class-transformer@0.5.1_class-validator@0.14.4_re_uzqqxc2ewfsre2q7hf3x34nf2i\node_modules\@nestjs\core\repl\repl-native-commands.js Rerunning...
14:36:59 [tsx] unlink in ./..\node_modules\.pnpm\@supabase+supabase-js@2.110.7\node_modules\@supabase\supabase-js\dist\index.cjs Restarting...
14:37:02 [tsx] unlink in ./..\node_modules\.pnpm\ioredis@5.11.1\node_modules\ioredis\built\cluster\index.js Rerunning...
14:37:04 [tsx] unlink in ./..\node_modules\.pnpm\ioredis@5.11.1\node_modules\ioredis\built\redis\RedisOptions.js Restarting...
14:37:05 [tsx] unlink in ./..\node_modules\.pnpm\pg@8.22.0\node_modules\pg\lib\crypto\utils.js Restarting...
14:37:08 [tsx] unlink in ./..\node_modules\.pnpm\stripe@14.25.0\node_modules\stripe\cjs\net\HttpClient.js Restarting...
14:37:09 [tsx] unlink in ./..\node_modules\.pnpm\stripe@14.25.0\node_modules\stripe\cjs\resources\AccountSessions.js Restarting...
14:37:11 [tsx] unlink in ./..\node_modules\.pnpm\stripe@14.25.0\node_modules\stripe\cjs\resources\WebhookEndpoints.js Restarting...
14:37:11 [tsx] unlink in ./..\node_modules\.pnpm\stripe@14.25.0\node_modules\stripe\cjs\platform\NodePlatformFunctions.js Restarting...
14:37:21 [tsx] unlink in ./..\node_modules\.pnpm\@nestjs+core@10.4.22_@nestjs+common@10.4.22_class-transformer@0.5.1_class-validator@0.14.4_re_uzqqxc2ewfsre2q7hf3x34nf2i\node_modules\@nestjs\core\repl\native-functions\methods-repl-fn.js Rerunning...
14:37:23 [tsx] unlink in ./..\node_modules\.pnpm\@supabase+realtime-js@2.110.7\node_modules\@supabase\realtime-js\dist\main\RealtimePostgresFilterBuilder.js Restarting...
14:37:33 [tsx] unlink in ./..\node_modules\.pnpm\stripe@14.25.0\node_modules\stripe\cjs\resources\BillingPortal\Configurations.js Rerunning...
14:37:35 [tsx] unlink in ./..\node_modules\.pnpm\stripe@14.25.0\node_modules\stripe\cjs\resources\Treasury\FinancialAccounts.js Restarting...
14:37:36 [tsx] unlink in ./..\node_modules\.pnpm\stripe@14.25.0\node_modules\stripe\cjs\resources\TestHelpers\TestClocks.js Restarting...
14:37:58 [tsx] unlink in ./..\node_modules\.pnpm\@supabase+realtime-js@2.110.7\node_modules\@supabase\realtime-js\dist\main\lib\websocket-factory.js Rerunning...
14:38:09 [tsx] unlink in ./..\node_modules\.pnpm\stripe@14.25.0\node_modules\stripe\cjs\resources\TestHelpers\Treasury\ReceivedDebits.js Rerunning...
14:47:03 [tsx] unlink in ./..\node_modules\.pnpm\cluster-key-slot@1.1.1\node_modules\cluster-key-slot\lib\index.js Rerunning...
14:47:04 [tsx] unlink in ./..\node_modules\.pnpm\es-object-atoms@1.1.2\node_modules\es-object-atoms\index.js Restarting...
14:47:05 [tsx] unlink in ./..\node_modules\.pnpm\qs@6.15.3\node_modules\qs\lib\formats.js Restarting...
14:47:05 [tsx] unlink in ./..\node_modules\.pnpm\tsx@4.23.1\node_modules\tsx\dist\lexer-DQCqS3nf.mjs Restarting...
14:47:06 [tsx] unlink in ./..\node_modules\.pnpm\@nestjs+common@10.4.22_class-transformer@0.5.1_class-validator@0.14.4_reflect-metadata@0.2.2_rxjs@7.8.2\node_modules\@nestjs\common\interfaces\hooks\on-application-shutdown.interface.js Restarting...
14:47:07 [tsx] unlink in ./..\node_modules\.pnpm\@nestjs+common@10.4.22_class-transformer@0.5.1_class-validator@0.14.4_reflect-metadata@0.2.2_rxjs@7.8.2\node_modules\@nestjs\common\interfaces\hooks\on-destroy.interface.js Restarting...
[32m[Nest] 30244  - [39m2026/07/31 14:47:11 [32m    LOG[39m [38;5;3m[NestFactory] [39m[32mStarting Nest application...[39m
[32m[Nest] 30244  - [39m2026/07/31 14:47:11 [32m    LOG[39m [38;5;3m[InstanceLoader] [39m[32mAccountModule dependencies initialized[39m[38;5;3m +28ms[39m
[32m[Nest] 30244  - [39m2026/07/31 14:47:11 [32m    LOG[39m [38;5;3m[InstanceLoader] [39m[32mAdminModule dependencies initialized[39m[38;5;3m +1ms[39m
[32m[Nest] 30244  - [39m2026/07/31 14:47:11 [32m    LOG[39m [38;5;3m[InstanceLoader] [39m[32mPaymentModule dependencies initialized[39m[38;5;3m +1ms[39m
[32m[Nest] 30244  - [39m2026/07/31 14:47:11 [32m    LOG[39m [38;5;3m[InstanceLoader] [39m[32mUserModule dependencies initialized[39m[38;5;3m +1ms[39m
[32m[Nest] 30244  - [39m2026/07/31 14:47:11 [32m    LOG[39m [38;5;3m[InstanceLoader] [39m[32mLowCodeModule dependencies initialized[39m[38;5;3m +0ms[39m
[32m[Nest] 30244  - [39m2026/07/31 14:47:11 [32m    LOG[39m [38;5;3m[InstanceLoader] [39m[32mPostsModule dependencies initialized[39m[38;5;3m +1ms[39m
[32m[Nest] 30244  - [39m2026/07/31 14:47:11 [32m    LOG[39m [38;5;3m[InstanceLoader] [39m[32mNotificationModule dependencies initialized[39m[38;5;3m +0ms[39m
[32m[Nest] 30244  - [39m2026/07/31 14:47:11 [32m    LOG[39m [38;5;3m[InstanceLoader] [39m[32mEntityDesignModule dependencies initialized[39m[38;5;3m +2ms[39m
[32m[Nest] 30244  - [39m2026/07/31 14:47:11 [32m    LOG[39m [38;5;3m[InstanceLoader] [39m[32mFilesModule dependencies initialized[39m[38;5;3m +1ms[39m
[32m[Nest] 30244  - [39m2026/07/31 14:47:11 [32m    LOG[39m [38;5;3m[InstanceLoader] [39m[32mChatModule dependencies initialized[39m[38;5;3m +0ms[39m
[32m[Nest] 30244  - [39m2026/07/31 14:47:11 [32m    LOG[39m [38;5;3m[InstanceLoader] [39m[32mAppModule dependencies initialized[39m[38;5;3m +1ms[39m
[32m[Nest] 30244  - [39m2026/07/31 14:47:11 [32m    LOG[39m [38;5;3m[NestMicroservice] [39m[32mNest microservice successfully started[39m[38;5;3m +528ms[39m
Domain service is listening on Redis.
