[WARN] Redis server does not require a password, but a password was supplied.
[WARN] Redis server does not require a password, but a password was supplied.
node:internal/modules/cjs/loader:502
      const err = new Error(
                  ^

Error: Cannot find module 'C:\Users\11516\Desktop\project\enLearn\node_modules\.pnpm\@supabase+supabase-js@2.110.8\node_modules\@supabase\functions-js\dist\main\index.js'. Please verify that the package.json has a valid "main" entry
    at tryPackage (node:internal/modules/cjs/loader:502:19)
    at Function._findPath (node:internal/modules/cjs/loader:764:18)
    at node:internal/modules/cjs/loader:1369:27
    at nextResolveSimple (C:\Users\11516\Desktop\project\enLearn\api\node_modules\.pnpm\tsx@4.23.1\node_modules\tsx\dist\register-BoI6-WNn.cjs:10:1017)
    at C:\Users\11516\Desktop\project\enLearn\api\node_modules\.pnpm\tsx@4.23.1\node_modules\tsx\dist\register-BoI6-WNn.cjs:9:4613
    at C:\Users\11516\Desktop\project\enLearn\api\node_modules\.pnpm\tsx@4.23.1\node_modules\tsx\dist\register-BoI6-WNn.cjs:9:3894
    at resolveTsPaths (C:\Users\11516\Desktop\project\enLearn\api\node_modules\.pnpm\tsx@4.23.1\node_modules\tsx\dist\register-BoI6-WNn.cjs:10:770)
    at C:\Users\11516\Desktop\project\enLearn\api\node_modules\.pnpm\tsx@4.23.1\node_modules\tsx\dist\register-BoI6-WNn.cjs:10:1171
    at T._resolveFilename (file:///C:/Users/11516/Desktop/project/enLearn/api/node_modules/.pnpm/tsx@4.23.1/node_modules/tsx/dist/register-zZ7SWseA.mjs:2:15301)
    at defaultResolveImpl (node:internal/modules/cjs/loader:1025:19) {
  code: 'MODULE_NOT_FOUND',
  path: '\\\\?\\C:\\Users\\11516\\Desktop\\project\\enLearn\\node_modules\\.pnpm\\@supabase+supabase-js@2.110.8\\node_modules\\@supabase\\functions-js\\package.json',
  requestPath: '@supabase/functions-js'
}

Node.js v22.20.0
