asset [1m[32mindex.bundle.js[39m[22m 1.2 MiB [1m[32m[emitted][39m[22m (name: index) 1 related asset
asset [1m[32msrc_main-native_ts.index.bundle.js[39m[22m 598 KiB [1m[32m[emitted][39m[22m 1 related asset
asset [1m[32mvendors-node_modules_pnpm_hippy_vue-router-next-hist_f971ac4b40e4c99c8d8e53eaccc6ef80_node_mo-b75a2b.index.bundle.js[39m[22m 262 KiB [1m[32m[emitted][39m[22m (id hint: vendors) 1 related asset
asset [1m[32mindex.html[39m[22m 714 bytes [1m[32m[emitted][39m[22m
runtime modules 32.3 KiB 14 modules
orphan modules 246 bytes [1m[33m[orphan][39m[22m 8 modules
modules by path [1m./src/[39m[22m 267 KiB
  modules by path [1m./src/runtime/[39m[22m 204 KiB 103 modules
  modules by path [1m./src/pages/*.vue[39m[22m 48.2 KiB 21 modules
  modules by path [1m./src/*.vue[39m[22m 9 KiB 7 modules
  modules by path [1m./src/*.ts[39m[22m 6.54 KiB 4 modules
modules by path [1m../node_modules/.pnpm/[39m[22m 1.31 MiB
  modules by path [1m../node_modules/.pnpm/webpack-dev-server@5.2.6_webpack-cli@7.2.2_webpack@5.109.2...(truncated)[39m[22m 91.6 KiB 8 modules
  modules by path [1m../node_modules/.pnpm/@vue+devtools-api@6.6.4/node_modules/@vue/devtools-ap...(truncated)[39m[22m 5.64 KiB 5 modules
  modules by path [1m../node_modules/.pnpm/webpack@5.109.2_esbuild@0.25.12_webpack-cli@7.2.2/node_mod...(truncated)[39m[22m 5.71 KiB 4 modules
  modules by path [1m../node_modules/.pnpm/vue-router@4.5.1_vue@3.4.32_typescript@5.9.3_/node_modul...(truncated)[39m[22m 148 KiB 2 modules
  + 12 modules
webpack 5.109.2 compiled [1m[32msuccessfully[39m[22m in 1290 ms
assets by status 861 KiB [1m[32m[cached][39m[22m 3 assets
assets by status 1.2 MiB [1m[32m[emitted][39m[22m
  asset [1m[32mindex.bundle.js[39m[22m 1.2 MiB [1m[32m[emitted][39m[22m (name: index) 1 related asset
  asset [1m[32mindex.47d9c82c2c8669c51d96.hot-update.js[39m[22m 379 bytes [1m[32m[emitted][39m[22m [1m[32m[immutable][39m[22m [1m[32m[hmr][39m[22m (name: index) 1 related asset
  asset [1m[32mindex.47d9c82c2c8669c51d96.hot-update.json[39m[22m 29 bytes [1m[32m[emitted][39m[22m [1m[32m[immutable][39m[22m [1m[32m[hmr][39m[22m
Entrypoint [1mindex[39m[22m 1.2 MiB (1.41 MiB) = [1m[32mindex.bundle.js[39m[22m 1.2 MiB [1m[32mindex.47d9c82c2c8669c51d96.hot-update.js[39m[22m 379 bytes 2 auxiliary assets
cached modules 1.57 MiB [1m[32m[cached][39m[22m 174 modules
runtime modules 32.3 KiB 14 modules
webpack 5.109.2 compiled [1m[32msuccessfully[39m[22m in 61 ms
assets by status 861 KiB [1m[32m[cached][39m[22m 3 assets
assets by status 1.21 MiB [1m[32m[emitted][39m[22m
  asset [1m[32mindex.bundle.js[39m[22m 1.2 MiB [1m[32m[emitted][39m[22m (name: index) 1 related asset
  asset [1m[32mindex.a82f92f17dda971256dd.hot-update.js[39m[22m 2.27 KiB [1m[32m[emitted][39m[22m [1m[32m[immutable][39m[22m [1m[32m[hmr][39m[22m (name: index) 1 related asset
  asset [1m[32mindex.a82f92f17dda971256dd.hot-update.json[39m[22m 29 bytes [1m[32m[emitted][39m[22m [1m[32m[immutable][39m[22m [1m[32m[hmr][39m[22m
Entrypoint [1mindex[39m[22m 1.21 MiB (1.41 MiB) = [1m[32mindex.bundle.js[39m[22m 1.2 MiB [1m[32mindex.a82f92f17dda971256dd.hot-update.js[39m[22m 2.27 KiB 2 auxiliary assets
cached modules 1.57 MiB [1m[32m[cached][39m[22m 173 modules
runtime modules 32.3 KiB 14 modules
[1m./src/main-web.ts[39m[22m 1.04 KiB [1m[33m[built][39m[22m [1m[33m[code generated][39m[22m
webpack 5.109.2 compiled [1m[32msuccessfully[39m[22m in 82 ms
assets by status 263 KiB [1m[32m[cached][39m[22m 2 assets
assets by path [1m[32m*.js[39m[22m 1.8 MiB
  assets by chunk 1.21 MiB (name: index)
    asset [1m[32mindex.bundle.js[39m[22m 1.2 MiB [1m[32m[emitted][39m[22m (name: index) 1 related asset
    asset [1m[32mindex.fc58f4c450d2954ea8b3.hot-update.js[39m[22m 4.12 KiB [1m[32m[emitted][39m[22m [1m[32m[immutable][39m[22m [1m[32m[hmr][39m[22m (name: index) 1 related asset
  asset [1m[32msrc_main-native_ts.index.bundle.js[39m[22m 599 KiB [1m[32m[emitted][39m[22m 1 related asset
  asset [1m[32msrc_main-native_ts.fc58f4c450d2954ea8b3.hot-update.js[39m[22m 3.12 KiB [1m[32m[emitted][39m[22m [1m[32m[immutable][39m[22m [1m[32m[hmr][39m[22m 1 related asset
asset [1m[32mindex.fc58f4c450d2954ea8b3.hot-update.json[39m[22m 50 bytes [1m[32m[emitted][39m[22m [1m[32m[immutable][39m[22m [1m[32m[hmr][39m[22m
Entrypoint [1mindex[39m[22m 1.21 MiB (1.42 MiB) = [1m[32mindex.bundle.js[39m[22m 1.2 MiB [1m[32mindex.fc58f4c450d2954ea8b3.hot-update.js[39m[22m 4.12 KiB 2 auxiliary assets
cached modules 1.56 MiB [1m[32m[cached][39m[22m 172 modules
runtime modules 32.3 KiB 14 modules
javascript modules 4.83 KiB
  [1m./src/config.ts[39m[22m 2.96 KiB [1m[33m[built][39m[22m [1m[33m[code generated][39m[22m
  [1m./src/main-native.ts[39m[22m 1.87 KiB [1m[33m[built][39m[22m [1m[33m[code generated][39m[22m
webpack 5.109.2 compiled [1m[32msuccessfully[39m[22m in 93 ms
assets by status 263 KiB [1m[32m[cached][39m[22m 2 assets
assets by path [1m[32m*.js[39m[22m 1.79 MiB
  assets by chunk 1.2 MiB (name: index)
    asset [1m[32mindex.bundle.js[39m[22m 1.2 MiB [1m[32m[emitted][39m[22m (name: index) 1 related asset
    asset [1m[32mindex.07e4324d900a9474247e.hot-update.js[39m[22m 379 bytes [1m[32m[emitted][39m[22m [1m[32m[immutable][39m[22m [1m[32m[hmr][39m[22m (name: index) 1 related asset
  asset [1m[32msrc_main-native_ts.index.bundle.js[39m[22m 599 KiB [1m[32m[emitted][39m[22m 1 related asset
  asset [1m[32msrc_main-native_ts.07e4324d900a9474247e.hot-update.js[39m[22m 5.97 KiB [1m[32m[emitted][39m[22m [1m[32m[immutable][39m[22m [1m[32m[hmr][39m[22m 1 related asset
asset [1m[32mindex.07e4324d900a9474247e.hot-update.json[39m[22m 50 bytes [1m[32m[emitted][39m[22m [1m[32m[immutable][39m[22m [1m[32m[hmr][39m[22m
Entrypoint [1mindex[39m[22m 1.2 MiB (1.41 MiB) = [1m[32mindex.bundle.js[39m[22m 1.2 MiB [1m[32mindex.07e4324d900a9474247e.hot-update.js[39m[22m 379 bytes 2 auxiliary assets
cached modules 1.56 MiB [1m[32m[cached][39m[22m 173 modules
runtime modules 32.3 KiB 14 modules
[1m./src/runtime/demo-page.ts[39m[22m 5.38 KiB [1m[33m[built][39m[22m [1m[33m[code generated][39m[22m
webpack 5.109.2 compiled [1m[32msuccessfully[39m[22m in 122 ms
assets by status 263 KiB [1m[32m[cached][39m[22m 2 assets
assets by path [1m[32m*.js[39m[22m 1.8 MiB
  assets by chunk 1.2 MiB (name: index)
    asset [1m[32mindex.bundle.js[39m[22m 1.2 MiB [1m[32m[emitted][39m[22m (name: index) 1 related asset
    asset [1m[32mindex.687bf80243a1cd5acc4b.hot-update.js[39m[22m 379 bytes [1m[32m[emitted][39m[22m [1m[32m[immutable][39m[22m [1m[32m[hmr][39m[22m (name: index) 1 related asset
  asset [1m[32msrc_main-native_ts.index.bundle.js[39m[22m 599 KiB [1m[32m[emitted][39m[22m 1 related asset
  asset [1m[32msrc_main-native_ts.687bf80243a1cd5acc4b.hot-update.js[39m[22m 10.4 KiB [1m[32m[emitted][39m[22m [1m[32m[immutable][39m[22m [1m[32m[hmr][39m[22m 1 related asset
asset [1m[32mindex.687bf80243a1cd5acc4b.hot-update.json[39m[22m 50 bytes [1m[32m[emitted][39m[22m [1m[32m[immutable][39m[22m [1m[32m[hmr][39m[22m
Entrypoint [1mindex[39m[22m 1.2 MiB (1.41 MiB) = [1m[32mindex.bundle.js[39m[22m 1.2 MiB [1m[32mindex.687bf80243a1cd5acc4b.hot-update.js[39m[22m 379 bytes 2 auxiliary assets
cached modules 1.56 MiB [1m[32m[cached][39m[22m 173 modules
runtime modules 32.3 KiB 14 modules
[1m./src/runtime/virtual-table.ts[39m[22m 9.15 KiB [1m[33m[built][39m[22m [1m[33m[code generated][39m[22m
webpack 5.109.2 compiled [1m[32msuccessfully[39m[22m in 104 ms
assets by status 263 KiB [1m[32m[cached][39m[22m 2 assets
assets by path [1m[32m*.js[39m[22m 1.82 MiB
  assets by chunk 1.2 MiB (name: index)
    asset [1m[32mindex.bundle.js[39m[22m 1.2 MiB [1m[32m[emitted][39m[22m (name: index) 1 related asset
    asset [1m[32mindex.b04f9dbbc1130213f306.hot-update.js[39m[22m 379 bytes [1m[32m[emitted][39m[22m [1m[32m[immutable][39m[22m [1m[32m[hmr][39m[22m (name: index) 1 related asset
  asset [1m[32msrc_main-native_ts.index.bundle.js[39m[22m 599 KiB [1m[32m[emitted][39m[22m 1 related asset
  asset [1m[32msrc_main-native_ts.b04f9dbbc1130213f306.hot-update.js[39m[22m 26.9 KiB [1m[32m[emitted][39m[22m [1m[32m[immutable][39m[22m [1m[32m[hmr][39m[22m 1 related asset
asset [1m[32mindex.b04f9dbbc1130213f306.hot-update.json[39m[22m 50 bytes [1m[32m[emitted][39m[22m [1m[32m[immutable][39m[22m [1m[32m[hmr][39m[22m
Entrypoint [1mindex[39m[22m 1.2 MiB (1.41 MiB) = [1m[32mindex.bundle.js[39m[22m 1.2 MiB [1m[32mindex.b04f9dbbc1130213f306.hot-update.js[39m[22m 379 bytes 2 auxiliary assets
cached modules 1.5 MiB [1m[32m[cached][39m[22m 166 modules
runtime modules 32.3 KiB 14 modules
javascript modules 67.1 KiB
  code generated modules 18.7 KiB [1m[33m[code generated][39m[22m
    ../node_modules/.pnpm/esbuild-loader@4.5.0_webpack@5.109.2/node_modules/esbuild-loader/dist/index.cjs??clonedRuleSet-2.use[0]!../node_modules/.pnpm/vue-loader@17.4.2_@vue+comp_f54d817b0d2e25bc14a924fe6a0327c9/node_modules/vue-loader/dist/index.js??ruleSet[0].use[0]![1m./src/runtime/materials/mobile-list.vue?vue&type=script&setup=true&lang=ts[39m[22m 4.45 KiB [1m[33m[built][39m[22m [1m[33m[code generated][39m[22m
    ../node_modules/.pnpm/esbuild-loader@4.5.0_webpack@5.109.2/node_modules/esbuild-loader/dist/index.cjs??clonedRuleSet-2.use[0]!../node_modules/.pnpm/vue-loader@17.4.2_@vue+comp_f54d817b0d2e25bc14a924fe6a0327c9/node_modules/vue-loader/dist/index.js??ruleSet[0].use[0]![1m./src/runtime/materials/mobile-virtual-table.vue?vue&type=script&setu...(truncated)[39m[22m 14.2 KiB [1m[33m[built][39m[22m [1m[33m[code generated][39m[22m
  [1m./src/runtime/materials/mobile-list.vue[39m[22m 1.02 KiB [1m[33m[built][39m[22m
  [1m./src/runtime/materials/mobile-virtual-table.vue[39m[22m 1.07 KiB [1m[33m[built][39m[22m
  ../node_modules/.pnpm/esbuild-loader@4.5.0_webpack@5.109.2/node_modules/esbuild-loader/dist/index.cjs??clonedRuleSet-2.use[0]!../node_modules/.pnpm/vue-loader@17.4.2_@vue+comp_f54d817b0d2e25bc14a924fe6a0327c9/node_modules/vue-loader/dist/templateLoader.js??ruleSet[1].rules[2]!../node_modules/.pnpm/vue-loader@17.4.2_@vue+comp_f54d817b0d2e25bc14a924fe6a0327c9/node_modules/vue-loader/dist/index.js??ruleSet[0].use[0]![1m./src/runtime/materials/mobile-list.vue?vue&type=template&id=7b122206&scope...(truncated)[39m[22m 4.14 KiB [1m[33m[built][39m[22m
  ../node_modules/.pnpm/@hippy+vue-css-loader@3.3.3/node_modules/@hippy/vue-css-loader/dist/css-loader.js!../node_modules/.pnpm/vue-loader@17.4.2_@vue+comp_f54d817b0d2e25bc14a924fe6a0327c9/node_modules/vue-loader/dist/stylePostLoader.js!../node_modules/.pnpm/less-loader@13.0.0_less@4.8.1_webpack@5.109.2/node_modules/less-loader/dist/cjs/index.js!../node_modules/.pnpm/vue-loader@17.4.2_@vue+comp_f54d817b0d2e25bc14a924fe6a0327c9/node_modules/vue-loader/dist/index.js??ruleSet[0].use[0]![1m./src/runtime/materials/mobile-list.vue?vue&type=style&index=0&id=7b122206&scope...(truncated)[39m[22m 6.97 KiB [1m[33m[built][39m[22m
  ../node_modules/.pnpm/esbuild-loader@4.5.0_webpack@5.109.2/node_modules/esbuild-loader/dist/index.cjs??clonedRuleSet-2.use[0]!../node_modules/.pnpm/vue-loader@17.4.2_@vue+comp_f54d817b0d2e25bc14a924fe6a0327c9/node_modules/vue-loader/dist/templateLoader.js??ruleSet[1].rules[2]!../node_modules/.pnpm/vue-loader@17.4.2_@vue+comp_f54d817b0d2e25bc14a924fe6a0327c9/node_modules/vue-loader/dist/index.js??ruleSet[0].use[0]![1m./src/runtime/materials/mobile-virtual-table.vue?vue&type=template&id=fa74d958&s...(truncated)[39m[22m 21 KiB [1m[33m[built][39m[22m
  ../node_modules/.pnpm/@hippy+vue-css-loader@3.3.3/node_modules/@hippy/vue-css-loader/dist/css-loader.js!../node_modules/.pnpm/vue-loader@17.4.2_@vue+comp_f54d817b0d2e25bc14a924fe6a0327c9/node_modules/vue-loader/dist/stylePostLoader.js!../node_modules/.pnpm/less-loader@13.0.0_less@4.8.1_webpack@5.109.2/node_modules/less-loader/dist/cjs/index.js!../node_modules/.pnpm/vue-loader@17.4.2_@vue+comp_f54d817b0d2e25bc14a924fe6a0327c9/node_modules/vue-loader/dist/index.js??ruleSet[0].use[0]![1m./src/runtime/materials/mobile-virtual-table.vue?vue&type=style&index=0&id=fa74d...(truncated)[39m[22m 14.2 KiB [1m[33m[built][39m[22m
webpack 5.109.2 compiled [1m[32msuccessfully[39m[22m in 185 ms
assets by status 263 KiB [1m[32m[cached][39m[22m 2 assets
assets by path [1m[32m*.js[39m[22m 1.81 MiB
  assets by chunk 1.2 MiB (name: index)
    asset [1m[32mindex.bundle.js[39m[22m 1.2 MiB [1m[32m[emitted][39m[22m (name: index) 1 related asset
    asset [1m[32mindex.e3b010e13efef3e5d754.hot-update.js[39m[22m 379 bytes [1m[32m[emitted][39m[22m [1m[32m[immutable][39m[22m [1m[32m[hmr][39m[22m (name: index) 1 related asset
  asset [1m[32msrc_main-native_ts.index.bundle.js[39m[22m 600 KiB [1m[32m[emitted][39m[22m 1 related asset
  asset [1m[32msrc_main-native_ts.e3b010e13efef3e5d754.hot-update.js[39m[22m 20.8 KiB [1m[32m[emitted][39m[22m [1m[32m[immutable][39m[22m [1m[32m[hmr][39m[22m 1 related asset
asset [1m[32mindex.e3b010e13efef3e5d754.hot-update.json[39m[22m 50 bytes [1m[32m[emitted][39m[22m [1m[32m[immutable][39m[22m [1m[32m[hmr][39m[22m
Entrypoint [1mindex[39m[22m 1.2 MiB (1.41 MiB) = [1m[32mindex.bundle.js[39m[22m 1.2 MiB [1m[32mindex.e3b010e13efef3e5d754.hot-update.js[39m[22m 379 bytes 2 auxiliary assets
cached modules 1.52 MiB [1m[32m[cached][39m[22m 170 modules
runtime modules 32.3 KiB 14 modules
javascript modules 51.4 KiB
  [1m./src/runtime/materials/mobile-virtual-table.vue[39m[22m 1.07 KiB [1m[33m[built][39m[22m
  ../node_modules/.pnpm/esbuild-loader@4.5.0_webpack@5.109.2/node_modules/esbuild-loader/dist/index.cjs??clonedRuleSet-2.use[0]!../node_modules/.pnpm/vue-loader@17.4.2_@vue+comp_f54d817b0d2e25bc14a924fe6a0327c9/node_modules/vue-loader/dist/templateLoader.js??ruleSet[1].rules[2]!../node_modules/.pnpm/vue-loader@17.4.2_@vue+comp_f54d817b0d2e25bc14a924fe6a0327c9/node_modules/vue-loader/dist/index.js??ruleSet[0].use[0]![1m./src/runtime/materials/mobile-virtual-table.vue?vue&type=template&id=fa74d958&s...(truncated)[39m[22m 21 KiB [1m[33m[built][39m[22m
  ../node_modules/.pnpm/esbuild-loader@4.5.0_webpack@5.109.2/node_modules/esbuild-loader/dist/index.cjs??clonedRuleSet-2.use[0]!../node_modules/.pnpm/vue-loader@17.4.2_@vue+comp_f54d817b0d2e25bc14a924fe6a0327c9/node_modules/vue-loader/dist/index.js??ruleSet[0].use[0]![1m./src/runtime/materials/mobile-virtual-table.vue?vue&type=script&setu...(truncated)[39m[22m 15.2 KiB [1m[33m[built][39m[22m [1m[33m[code generated][39m[22m
  ../node_modules/.pnpm/@hippy+vue-css-loader@3.3.3/node_modules/@hippy/vue-css-loader/dist/css-loader.js!../node_modules/.pnpm/vue-loader@17.4.2_@vue+comp_f54d817b0d2e25bc14a924fe6a0327c9/node_modules/vue-loader/dist/stylePostLoader.js!../node_modules/.pnpm/less-loader@13.0.0_less@4.8.1_webpack@5.109.2/node_modules/less-loader/dist/cjs/index.js!../node_modules/.pnpm/vue-loader@17.4.2_@vue+comp_f54d817b0d2e25bc14a924fe6a0327c9/node_modules/vue-loader/dist/index.js??ruleSet[0].use[0]![1m./src/runtime/materials/mobile-virtual-table.vue?vue&type=style&index=0&id=fa74d...(truncated)[39m[22m 14.2 KiB [1m[33m[built][39m[22m
webpack 5.109.2 compiled [1m[32msuccessfully[39m[22m in 173 ms
assets by status 263 KiB [1m[32m[cached][39m[22m 2 assets
assets by path [1m[32m*.js[39m[22m 1.83 MiB
  assets by chunk 1.2 MiB (name: index)
    asset [1m[32mindex.bundle.js[39m[22m 1.2 MiB [1m[32m[emitted][39m[22m (name: index) 1 related asset
    asset [1m[32mindex.9469b0ce3ab67e894fa5.hot-update.js[39m[22m 379 bytes [1m[32m[emitted][39m[22m [1m[32m[immutable][39m[22m [1m[32m[hmr][39m[22m (name: index) 1 related asset
  asset [1m[32msrc_main-native_ts.index.bundle.js[39m[22m 602 KiB [1m[32m[emitted][39m[22m 1 related asset
  asset [1m[32msrc_main-native_ts.9469b0ce3ab67e894fa5.hot-update.js[39m[22m 33.5 KiB [1m[32m[emitted][39m[22m [1m[32m[immutable][39m[22m [1m[32m[hmr][39m[22m 1 related asset
asset [1m[32mindex.9469b0ce3ab67e894fa5.hot-update.json[39m[22m 50 bytes [1m[32m[emitted][39m[22m [1m[32m[immutable][39m[22m [1m[32m[hmr][39m[22m
Entrypoint [1mindex[39m[22m 1.2 MiB (1.41 MiB) = [1m[32mindex.bundle.js[39m[22m 1.2 MiB [1m[32mindex.9469b0ce3ab67e894fa5.hot-update.js[39m[22m 379 bytes 2 auxiliary assets
cached modules 1.51 MiB [1m[32m[cached][39m[22m 169 modules
runtime modules 32.3 KiB 14 modules
javascript modules 62.9 KiB
  code generated modules 26.6 KiB [1m[33m[code generated][39m[22m
    ../node_modules/.pnpm/esbuild-loader@4.5.0_webpack@5.109.2/node_modules/esbuild-loader/dist/index.cjs??clonedRuleSet-2.use[0]!../node_modules/.pnpm/vue-loader@17.4.2_@vue+comp_f54d817b0d2e25bc14a924fe6a0327c9/node_modules/vue-loader/dist/index.js??ruleSet[0].use[0]![1m./src/runtime/materials/mobile-virtual-table.vue?vue&type=script&setu...(truncated)[39m[22m 15.3 KiB [1m[33m[built][39m[22m [1m[33m[code generated][39m[22m
    [1m./src/runtime/virtual-table.ts[39m[22m 11.4 KiB [1m[33m[built][39m[22m [1m[33m[code generated][39m[22m
  [1m./src/runtime/materials/mobile-virtual-table.vue[39m[22m 1.07 KiB [1m[33m[built][39m[22m
  ../node_modules/.pnpm/esbuild-loader@4.5.0_webpack@5.109.2/node_modules/esbuild-loader/dist/index.cjs??clonedRuleSet-2.use[0]!../node_modules/.pnpm/vue-loader@17.4.2_@vue+comp_f54d817b0d2e25bc14a924fe6a0327c9/node_modules/vue-loader/dist/templateLoader.js??ruleSet[1].rules[2]!../node_modules/.pnpm/vue-loader@17.4.2_@vue+comp_f54d817b0d2e25bc14a924fe6a0327c9/node_modules/vue-loader/dist/index.js??ruleSet[0].use[0]![1m./src/runtime/materials/mobile-virtual-table.vue?vue&type=template&id=fa74d958&s...(truncated)[39m[22m 21 KiB [1m[33m[built][39m[22m
  ../node_modules/.pnpm/@hippy+vue-css-loader@3.3.3/node_modules/@hippy/vue-css-loader/dist/css-loader.js!../node_modules/.pnpm/vue-loader@17.4.2_@vue+comp_f54d817b0d2e25bc14a924fe6a0327c9/node_modules/vue-loader/dist/stylePostLoader.js!../node_modules/.pnpm/less-loader@13.0.0_less@4.8.1_webpack@5.109.2/node_modules/less-loader/dist/cjs/index.js!../node_modules/.pnpm/vue-loader@17.4.2_@vue+comp_f54d817b0d2e25bc14a924fe6a0327c9/node_modules/vue-loader/dist/index.js??ruleSet[0].use[0]![1m./src/runtime/materials/mobile-virtual-table.vue?vue&type=style&index=0&id=fa74d...(truncated)[39m[22m 14.2 KiB [1m[33m[built][39m[22m
webpack 5.109.2 compiled [1m[32msuccessfully[39m[22m in 249 ms
assets by status 263 KiB [1m[32m[cached][39m[22m 2 assets
assets by path [1m[32m*.js[39m[22m 1.81 MiB
  assets by chunk 1.2 MiB (name: index)
    asset [1m[32mindex.bundle.js[39m[22m 1.2 MiB [1m[32m[emitted][39m[22m (name: index) 1 related asset
    asset [1m[32mindex.d93b524b97f1764cf457.hot-update.js[39m[22m 379 bytes [1m[32m[emitted][39m[22m [1m[32m[immutable][39m[22m [1m[32m[hmr][39m[22m (name: index) 1 related asset
  asset [1m[32msrc_main-native_ts.index.bundle.js[39m[22m 602 KiB [1m[32m[emitted][39m[22m 1 related asset
  asset [1m[32msrc_main-native_ts.d93b524b97f1764cf457.hot-update.js[39m[22m 12.8 KiB [1m[32m[emitted][39m[22m [1m[32m[immutable][39m[22m [1m[32m[hmr][39m[22m 1 related asset
asset [1m[32mindex.d93b524b97f1764cf457.hot-update.json[39m[22m 50 bytes [1m[32m[emitted][39m[22m [1m[32m[immutable][39m[22m [1m[32m[hmr][39m[22m
Entrypoint [1mindex[39m[22m 1.2 MiB (1.41 MiB) = [1m[32mindex.bundle.js[39m[22m 1.2 MiB [1m[32mindex.d93b524b97f1764cf457.hot-update.js[39m[22m 379 bytes 2 auxiliary assets
cached modules 1.56 MiB [1m[32m[cached][39m[22m 173 modules
runtime modules 32.3 KiB 14 modules
[1m./src/runtime/virtual-table.ts[39m[22m 11.4 KiB [1m[33m[built][39m[22m [1m[33m[code generated][39m[22m
webpack 5.109.2 compiled [1m[32msuccessfully[39m[22m in 98 ms
